Archive member included to satisfy reference by file (symbol)

C:/ST/STM32CubeIDE_2.1.1/STM32CubeIDE/plugins/com.st.stm32cube.ide.mcu.externaltools.gnu-tools-for-stm32.14.3.rel1.win32_1.0.100.202602081740/tools/bin/../lib/gcc/arm-none-eabi/14.3.1/../../../../arm-none-eabi/lib/thumb/v7e-m+fp/hard\libc_nano.a(libc_a-exit.o)
                              C:/ST/STM32CubeIDE_2.1.1/STM32CubeIDE/plugins/com.st.stm32cube.ide.mcu.externaltools.gnu-tools-for-stm32.14.3.rel1.win32_1.0.100.202602081740/tools/bin/../lib/gcc/arm-none-eabi/14.3.1/../../../../arm-none-eabi/lib/thumb/v7e-m+fp/hard/crt0.o (exit)
C:/ST/STM32CubeIDE_2.1.1/STM32CubeIDE/plugins/com.st.stm32cube.ide.mcu.externaltools.gnu-tools-for-stm32.14.3.rel1.win32_1.0.100.202602081740/tools/bin/../lib/gcc/arm-none-eabi/14.3.1/../../../../arm-none-eabi/lib/thumb/v7e-m+fp/hard\libc_nano.a(libc_a-findfp.o)
                              C:/ST/STM32CubeIDE_2.1.1/STM32CubeIDE/plugins/com.st.stm32cube.ide.mcu.externaltools.gnu-tools-for-stm32.14.3.rel1.win32_1.0.100.202602081740/tools/bin/../lib/gcc/arm-none-eabi/14.3.1/../../../../arm-none-eabi/lib/thumb/v7e-m+fp/hard\libc_nano.a(libc_a-exit.o) (__stdio_exit_handler)
C:/ST/STM32CubeIDE_2.1.1/STM32CubeIDE/plugins/com.st.stm32cube.ide.mcu.externaltools.gnu-tools-for-stm32.14.3.rel1.win32_1.0.100.202602081740/tools/bin/../lib/gcc/arm-none-eabi/14.3.1/../../../../arm-none-eabi/lib/thumb/v7e-m+fp/hard\libc_nano.a(libc_a-fwalk.o)
                              C:/ST/STM32CubeIDE_2.1.1/STM32CubeIDE/plugins/com.st.stm32cube.ide.mcu.externaltools.gnu-tools-for-stm32.14.3.rel1.win32_1.0.100.202602081740/tools/bin/../lib/gcc/arm-none-eabi/14.3.1/../../../../arm-none-eabi/lib/thumb/v7e-m+fp/hard\libc_nano.a(libc_a-findfp.o) (_fwalk_sglue)
C:/ST/STM32CubeIDE_2.1.1/STM32CubeIDE/plugins/com.st.stm32cube.ide.mcu.externaltools.gnu-tools-for-stm32.14.3.rel1.win32_1.0.100.202602081740/tools/bin/../lib/gcc/arm-none-eabi/14.3.1/../../../../arm-none-eabi/lib/thumb/v7e-m+fp/hard\libc_nano.a(libc_a-snprintf.o)
                              ./Src/main.o (snprintf)
C:/ST/STM32CubeIDE_2.1.1/STM32CubeIDE/plugins/com.st.stm32cube.ide.mcu.externaltools.gnu-tools-for-stm32.14.3.rel1.win32_1.0.100.202602081740/tools/bin/../lib/gcc/arm-none-eabi/14.3.1/../../../../arm-none-eabi/lib/thumb/v7e-m+fp/hard\libc_nano.a(libc_a-stdio.o)
                              C:/ST/STM32CubeIDE_2.1.1/STM32CubeIDE/plugins/com.st.stm32cube.ide.mcu.externaltools.gnu-tools-for-stm32.14.3.rel1.win32_1.0.100.202602081740/tools/bin/../lib/gcc/arm-none-eabi/14.3.1/../../../../arm-none-eabi/lib/thumb/v7e-m+fp/hard\libc_nano.a(libc_a-findfp.o) (__sread)
C:/ST/STM32CubeIDE_2.1.1/STM32CubeIDE/plugins/com.st.stm32cube.ide.mcu.externaltools.gnu-tools-for-stm32.14.3.rel1.win32_1.0.100.202602081740/tools/bin/../lib/gcc/arm-none-eabi/14.3.1/../../../../arm-none-eabi/lib/thumb/v7e-m+fp/hard\libc_nano.a(libc_a-memset.o)
                              C:/ST/STM32CubeIDE_2.1.1/STM32CubeIDE/plugins/com.st.stm32cube.ide.mcu.externaltools.gnu-tools-for-stm32.14.3.rel1.win32_1.0.100.202602081740/tools/bin/../lib/gcc/arm-none-eabi/14.3.1/../../../../arm-none-eabi/lib/thumb/v7e-m+fp/hard/crt0.o (memset)
C:/ST/STM32CubeIDE_2.1.1/STM32CubeIDE/plugins/com.st.stm32cube.ide.mcu.externaltools.gnu-tools-for-stm32.14.3.rel1.win32_1.0.100.202602081740/tools/bin/../lib/gcc/arm-none-eabi/14.3.1/../../../../arm-none-eabi/lib/thumb/v7e-m+fp/hard\libc_nano.a(libc_a-closer.o)
                              C:/ST/STM32CubeIDE_2.1.1/STM32CubeIDE/plugins/com.st.stm32cube.ide.mcu.externaltools.gnu-tools-for-stm32.14.3.rel1.win32_1.0.100.202602081740/tools/bin/../lib/gcc/arm-none-eabi/14.3.1/../../../../arm-none-eabi/lib/thumb/v7e-m+fp/hard\libc_nano.a(libc_a-stdio.o) (_close_r)
C:/ST/STM32CubeIDE_2.1.1/STM32CubeIDE/plugins/com.st.stm32cube.ide.mcu.externaltools.gnu-tools-for-stm32.14.3.rel1.win32_1.0.100.202602081740/tools/bin/../lib/gcc/arm-none-eabi/14.3.1/../../../../arm-none-eabi/lib/thumb/v7e-m+fp/hard\libc_nano.a(libc_a-reent.o)
                              C:/ST/STM32CubeIDE_2.1.1/STM32CubeIDE/plugins/com.st.stm32cube.ide.mcu.externaltools.gnu-tools-for-stm32.14.3.rel1.win32_1.0.100.202602081740/tools/bin/../lib/gcc/arm-none-eabi/14.3.1/../../../../arm-none-eabi/lib/thumb/v7e-m+fp/hard\libc_nano.a(libc_a-closer.o) (errno)
C:/ST/STM32CubeIDE_2.1.1/STM32CubeIDE/plugins/com.st.stm32cube.ide.mcu.externaltools.gnu-tools-for-stm32.14.3.rel1.win32_1.0.100.202602081740/tools/bin/../lib/gcc/arm-none-eabi/14.3.1/../../../../arm-none-eabi/lib/thumb/v7e-m+fp/hard\libc_nano.a(libc_a-impure.o)
                              C:/ST/STM32CubeIDE_2.1.1/STM32CubeIDE/plugins/com.st.stm32cube.ide.mcu.externaltools.gnu-tools-for-stm32.14.3.rel1.win32_1.0.100.202602081740/tools/bin/../lib/gcc/arm-none-eabi/14.3.1/../../../../arm-none-eabi/lib/thumb/v7e-m+fp/hard\libc_nano.a(libc_a-snprintf.o) (_impure_ptr)
[...]
Memory Configuration

Name             Origin             Length             Attributes
RAM              0x20000000         0x00020000         xrw
FLASH            0x08000000         0x00080000         xr
*default*        0x00000000         0xffffffff

Linker script and memory map

LOAD C:/ST/STM32CubeIDE_2.1.1/STM32CubeIDE/plugins/com.st.stm32cube.ide.mcu.externaltools.gnu-tools-for-stm32.14.3.rel1.win32_1.0.100.202602081740/tools/bin/../lib/gcc/arm-none-eabi/14.3.1/thumb/v7e-m+fp/hard/crti.o
LOAD C:/ST/STM32CubeIDE_2.1.1/STM32CubeIDE/plugins/com.st.stm32cube.ide.mcu.externaltools.gnu-tools-for-stm32.14.3.rel1.win32_1.0.100.202602081740/tools/bin/../lib/gcc/arm-none-eabi/14.3.1/thumb/v7e-m+fp/hard/crtbegin.o
LOAD C:/ST/STM32CubeIDE_2.1.1/STM32CubeIDE/plugins/com.st.stm32cube.ide.mcu.externaltools.gnu-tools-for-stm32.14.3.rel1.win32_1.0.100.202602081740/tools/bin/../lib/gcc/arm-none-eabi/14.3.1/../../../../arm-none-eabi/lib/thumb/v7e-m+fp/hard/crt0.o
LOAD ./CMSIS/Device/Source/system_stm32f4xx.o
LOAD ./CMSIS/RTOS2/FreeRTOS/Source/clib_os.o
LOAD ./CMSIS/RTOS2/FreeRTOS/Source/cmsis_os2.o
LOAD ./CMSIS/RTOS2/FreeRTOS/Source/croutine.o
LOAD ./CMSIS/RTOS2/FreeRTOS/Source/event_groups.o
LOAD ./CMSIS/RTOS2/FreeRTOS/Source/freertos_evr.o
LOAD ./CMSIS/RTOS2/FreeRTOS/Source/handlers.o
LOAD ./CMSIS/RTOS2/FreeRTOS/Source/list.o
LOAD ./CMSIS/RTOS2/FreeRTOS/Source/port.o
LOAD ./CMSIS/RTOS2/FreeRTOS/Source/queue.o
LOAD ./CMSIS/RTOS2/FreeRTOS/Source/stream_buffer.o
LOAD ./CMSIS/RTOS2/FreeRTOS/Source/tasks.o
LOAD ./CMSIS/RTOS2/FreeRTOS/Source/timers.o
LOAD ./Library/Source/ADC.o
LOAD ./Library/Source/BH1750.o
LOAD ./Library/Source/DHT11.o
LOAD ./Library/Source/GPIO.o
LOAD ./Library/Source/I2C.o
LOAD ./Library/Source/SH1106.o
LOAD ./Library/Source/USART.o
LOAD ./Library/Source/control.o
LOAD ./Library/Source/delay.o
LOAD ./Library/Source/fonts.o
LOAD ./Library/Source/relay.o
LOAD ./Src/main.o
LOAD ./Src/syscalls.o
LOAD ./Src/sysmem.o
LOAD ./Startup/startup_stm32f411ceux.o
START GROUP
LOAD C:/ST/STM32CubeIDE_2.1.1/STM32CubeIDE/plugins/com.st.stm32cube.ide.mcu.externaltools.gnu-tools-for-stm32.14.3.rel1.win32_1.0.100.202602081740/tools/bin/../lib/gcc/arm-none-eabi/14.3.1/../../../../arm-none-eabi/lib/thumb/v7e-m+fp/hard\libc_nano.a
LOAD C:/ST/STM32CubeIDE_2.1.1/STM32CubeIDE/plugins/com.st.stm32cube.ide.mcu.externaltools.gnu-tools-for-stm32.14.3.rel1.win32_1.0.100.202602081740/tools/bin/../lib/gcc/arm-none-eabi/14.3.1/../../../../arm-none-eabi/lib/thumb/v7e-m+fp/hard\libm.a
END GROUP
START GROUP
LOAD C:/ST/STM32CubeIDE_2.1.1/STM32CubeIDE/plugins/com.st.stm32cube.ide.mcu.externaltools.gnu-tools-for-stm32.14.3.rel1.win32_1.0.100.202602081740/tools/bin/../lib/gcc/arm-none-eabi/14.3.1/thumb/v7e-m+fp/hard\libgcc.a
LOAD C:/ST/STM32CubeIDE_2.1.1/STM32CubeIDE/plugins/com.st.stm32cube.ide.mcu.externaltools.gnu-tools-for-stm32.14.3.rel1.win32_1.0.100.202602081740/tools/bin/../lib/gcc/arm-none-eabi/14.3.1/../../../../arm-none-eabi/lib/thumb/v7e-m+fp/hard\libc_nano.a
END GROUP
START GROUP
LOAD C:/ST/STM32CubeIDE_2.1.1/STM32CubeIDE/plugins/com.st.stm32cube.ide.mcu.externaltools.gnu-tools-for-stm32.14.3.rel1.win32_1.0.100.202602081740/tools/bin/../lib/gcc/arm-none-eabi/14.3.1/thumb/v7e-m+fp/hard\libgcc.a
LOAD C:/ST/STM32CubeIDE_2.1.1/STM32CubeIDE/plugins/com.st.stm32cube.ide.mcu.externaltools.gnu-tools-for-stm32.14.3.rel1.win32_1.0.100.202602081740/tools/bin/../lib/gcc/arm-none-eabi/14.3.1/../../../../arm-none-eabi/lib/thumb/v7e-m+fp/hard\libc_nano.a
LOAD C:/ST/STM32CubeIDE_2.1.1/STM32CubeIDE/plugins/com.st.stm32cube.ide.mcu.externaltools.gnu-tools-for-stm32.14.3.rel1.win32_1.0.100.202602081740/tools/bin/../lib/gcc/arm-none-eabi/14.3.1/../../../../arm-none-eabi/lib/thumb/v7e-m+fp/hard\libnosys.a
END GROUP
START GROUP
LOAD C:/ST/STM32CubeIDE_2.1.1/STM32CubeIDE/plugins/com.st.stm32cube.ide.mcu.externaltools.gnu-tools-for-stm32.14.3.rel1.win32_1.0.100.202602081740/tools/bin/../lib/gcc/arm-none-eabi/14.3.1/thumb/v7e-m+fp/hard\libgcc.a
LOAD C:/ST/STM32CubeIDE_2.1.1/STM32CubeIDE/plugins/com.st.stm32cube.ide.mcu.externaltools.gnu-tools-for-stm32.14.3.rel1.win32_1.0.100.202602081740/tools/bin/../lib/gcc/arm-none-eabi/14.3.1/../../../../arm-none-eabi/lib/thumb/v7e-m+fp/hard\libc_nano.a
LOAD C:/ST/STM32CubeIDE_2.1.1/STM32CubeIDE/plugins/com.st.stm32cube.ide.mcu.externaltools.gnu-tools-for-stm32.14.3.rel1.win32_1.0.100.202602081740/tools/bin/../lib/gcc/arm-none-eabi/14.3.1/../../../../arm-none-eabi/lib/thumb/v7e-m+fp/hard\libnosys.a
END GROUP
LOAD C:/ST/STM32CubeIDE_2.1.1/STM32CubeIDE/plugins/com.st.stm32cube.ide.mcu.externaltools.gnu-tools-for-stm32.14.3.rel1.win32_1.0.100.202602081740/tools/bin/../lib/gcc/arm-none-eabi/14.3.1/thumb/v7e-m+fp/hard/crtend.o
LOAD C:/ST/STM32CubeIDE_2.1.1/STM32CubeIDE/plugins/com.st.stm32cube.ide.mcu.externaltools.gnu-tools-for-stm32.14.3.rel1.win32_1.0.100.202602081740/tools/bin/../lib/gcc/arm-none-eabi/14.3.1/thumb/v7e-m+fp/hard/crtn.o
                0x20020000                        _estack = (ORIGIN (RAM) + LENGTH (RAM))
                0x00000200                        _Min_Heap_Size = 0x200
                0x00000400                        _Min_Stack_Size = 0x400

.isr_vector     0x08000000      0x198
                0x08000000                        . = ALIGN (0x4)
 *(.isr_vector)
 .isr_vector    0x08000000      0x198 ./Startup/startup_stm32f411ceux.o
                0x08000000                g_pfnVectors
                0x08000198                        . = ALIGN (0x4)

.text           0x080001a0     0x2f8c
                0x080001a0                        . = ALIGN (0x4)
 *(.text)
 .text          0x080001a0       0x40 C:/ST/STM32CubeIDE_2.1.1/STM32CubeIDE/plugins/com.st.stm32cube.ide.mcu.externaltools.gnu-tools-for-stm32.14.3.rel1.win32_1.0.100.202602081740/tools/bin/../lib/gcc/arm-none-eabi/14.3.1/thumb/v7e-m+fp/hard/crtbegin.o
 .text          0x080001e0       0x14 C:/ST/STM32CubeIDE_2.1.1/STM32CubeIDE/plugins/com.st.stm32cube.ide.mcu.externaltools.gnu-tools-for-stm32.14.3.rel1.win32_1.0.100.202602081740/tools/bin/../lib/gcc/arm-none-eabi/14.3.1/../../../../arm-none-eabi/lib/thumb/v7e-m+fp/hard\libc_nano.a(libc_a-strcmp.o)
                0x080001e0                strcmp
 *fill*         0x080001f4        0xc 
 .text          0x08000200       0xa0 C:/ST/STM32CubeIDE_2.1.1/STM32CubeIDE/plugins/com.st.stm32cube.ide.mcu.externaltools.gnu-tools-for-stm32.14.3.rel1.win32_1.0.100.202602081740/tools/bin/../lib/gcc/arm-none-eabi/14.3.1/../../../../arm-none-eabi/lib/thumb/v7e-m+fp/hard\libc_nano.a(libc_a-memchr.o)
                0x08000200                memchr
 *(.text*)
 .text.SystemInit
                0x080002a0       0x24 ./CMSIS/Device/Source/system_stm32f4xx.o
                0x080002a0                SystemInit
 .text.SystemCoreClockUpdate
                0x080002c4       0xec ./CMSIS/Device/Source/system_stm32f4xx.o
                0x080002c4                SystemCoreClockUpdate
 .text.SysTick_Handler
                0x080003b0       0x20 ./CMSIS/RTOS2/FreeRTOS/Source/cmsis_os2.o
                0x080003b0                SysTick_Handler
 .text.vApplicationStackOverflowHook
                0x080003d0       0x22 ./CMSIS/RTOS2/FreeRTOS/Source/cmsis_os2.o
                0x080003d0                vApplicationStackOverflowHook
 *fill*         0x080003f2        0x2 
 .text.SVC_Handler
                0x080003f4       0x24 ./CMSIS/RTOS2/FreeRTOS/Source/port.o
                0x080003f4                SVC_Handler
 .text.PendSV_Handler
                0x08000418       0x60 ./CMSIS/RTOS2/FreeRTOS/Source/port.o
                0x08000418                PendSV_Handler
 .text.xPortSysTickHandler
                0x08000478       0x44 ./CMSIS/RTOS2/FreeRTOS/Source/port.o
                0x08000478                xPortSysTickHandler
 .text.xTaskIncrementTick
                0x080004bc      0x234 ./CMSIS/RTOS2/FreeRTOS/Source/tasks.o
                0x080004bc                xTaskIncrementTick
 .text.vTaskSwitchContext
                0x080006f0      0x11c ./CMSIS/RTOS2/FreeRTOS/Source/tasks.o
                0x080006f0                vTaskSwitchContext
 .text.prvResetNextTaskUnblockTime
                0x0800080c       0x38 ./CMSIS/RTOS2/FreeRTOS/Source/tasks.o
 .text.xTaskGetSchedulerState
                0x08000844       0x3c ./CMSIS/RTOS2/FreeRTOS/Source/tasks.o
                0x08000844                xTaskGetSchedulerState
 .text.ADC_Init
                0x08000880       0xd8 ./Library/Source/ADC.o
                0x08000880                ADC_Init
 .text.ADC_Read
                0x08000958       0x58 ./Library/Source/ADC.o
                0x08000958                ADC_Read
 .text.BH1750_Init
                0x080009b0       0x44 ./Library/Source/BH1750.o
                0x080009b0                BH1750_Init
 .text.BH1750_SendCommand
                0x080009f4       0x60 ./Library/Source/BH1750.o
                0x080009f4                BH1750_SendCommand
 .text.BH1750_ReadMeasurement
                0x08000a54       0x80 ./Library/Source/BH1750.o
                0x08000a54                BH1750_ReadMeasurement
 .text.BH1750_ReadLux
                0x08000ad4       0x70 ./Library/Source/BH1750.o
                0x08000ad4                BH1750_ReadLux
 .text.DHT11_Init
                0x08000b44       0x30 ./Library/Source/DHT11.o
                0x08000b44                DHT11_Init
 .text.wait_for_state
                0x08000b74       0x58 ./Library/Source/DHT11.o
 .text.DHT11_read_bit
                0x08000bcc       0x3c ./Library/Source/DHT11.o
 .text.DHT11_start
                0x08000c08       0x98 ./Library/Source/DHT11.o
                0x08000c08                DHT11_start
 .text.DHT11_read_byte
                0x08000ca0       0x50 ./Library/Source/DHT11.o
 .text.DHT11_read
                0x08000cf0       0xaa ./Library/Source/DHT11.o
                0x08000cf0                DHT11_read
 *fill*         0x08000d9a        0x2 
 .text.GPIO_Pin_Setup
                0x08000d9c      0x1e8 ./Library/Source/GPIO.o
                0x08000d9c                GPIO_Pin_Setup
 .text.GPIO_ReadPin
                0x08000f84       0x2a ./Library/Source/GPIO.o
                0x08000f84                GPIO_ReadPin
 .text.GPIO_WritePin
                0x08000fae       0x3a ./Library/Source/GPIO.o
                0x08000fae                GPIO_WritePin
 .text.I2C_CalculateClockRegisters
                0x08000fe8       0xb4 ./Library/Source/I2C.o
 .text.I2C_Master_Init
                0x0800109c      0x10c ./Library/Source/I2C.o
                0x0800109c                I2C_Master_Init
 .text.I2C_Master_Start
                0x080011a8       0x50 ./Library/Source/I2C.o
                0x080011a8                I2C_Master_Start
 .text.I2C_Master_Address
                0x080011f8       0xb4 ./Library/Source/I2C.o
                0x080011f8                I2C_Master_Address
 .text.I2C_Master_Send_Byte
                0x080012ac       0x74 ./Library/Source/I2C.o
                0x080012ac                I2C_Master_Send_Byte
 .text.I2C_Master_Send_Buffer
                0x08001320       0x52 ./Library/Source/I2C.o
                0x08001320                I2C_Master_Send_Buffer
 *fill*         0x08001372        0x2 
 .text.I2C_Master_Receive_Byte
                0x08001374       0x44 ./Library/Source/I2C.o
                0x08001374                I2C_Master_Receive_Byte
 .text.I2C_Master_Receive_Buffer
                0x080013b8       0xca ./Library/Source/I2C.o
                0x080013b8                I2C_Master_Receive_Buffer
 .text.I2C_Master_NACK
                0x08001482       0x24 ./Library/Source/I2C.o
                0x08001482                I2C_Master_NACK
 .text.I2C_Master_ACK
                0x080014a6       0x24 ./Library/Source/I2C.o
                0x080014a6                I2C_Master_ACK
 .text.I2C_Master_Stop
                0x080014ca       0x24 ./Library/Source/I2C.o
                0x080014ca                I2C_Master_Stop
 *fill*         0x080014ee        0x2 
 .text.SH1106_WriteCommand
                0x080014f0       0x50 ./Library/Source/SH1106.o
 .text.SH1106_WriteDataMulti
                0x08001540       0x50 ./Library/Source/SH1106.o
 .text.SH1106_Init
                0x08001590       0xe4 ./Library/Source/SH1106.o
                0x08001590                SH1106_Init
 .text.SH1106_UpdateScreen
                0x08001674       0x58 ./Library/Source/SH1106.o
                0x08001674                SH1106_UpdateScreen
 .text.SH1106_Fill
                0x080016cc       0x30 ./Library/Source/SH1106.o
                0x080016cc                SH1106_Fill
 .text.SH1106_DrawPixel
                0x080016fc       0xd4 ./Library/Source/SH1106.o
                0x080016fc                SH1106_DrawPixel
 .text.SH1106_GotoXY
                0x080017d0       0x2c ./Library/Source/SH1106.o
                0x080017d0                SH1106_GotoXY
 .text.SH1106_Putc
                0x080017fc       0xfc ./Library/Source/SH1106.o
                0x080017fc                SH1106_Putc
 .text.SH1106_Puts
                0x080018f8       0x4a ./Library/Source/SH1106.o
                0x080018f8                SH1106_Puts
 *fill*         0x08001942        0x2 
 .text.__NVIC_EnableIRQ
                0x08001944       0x3c ./Library/Source/USART.o
 .text.__NVIC_SetPriority
                0x08001980       0x54 ./Library/Source/USART.o
 .text.USART_GetAPBClock
                0x080019d4       0x78 ./Library/Source/USART.o
 .text.UART_ConfigPins
                0x08001a4c       0x64 ./Library/Source/USART.o
 .text.UART_Init
                0x08001ab0      0x1d4 ./Library/Source/USART.o
                0x08001ab0                UART_Init
 .text.UART_Transmit_Byte
                0x08001c84       0x6c ./Library/Source/USART.o
                0x08001c84                UART_Transmit_Byte
 .text.UART_Transmit_Buffer
                0x08001cf0       0x2e ./Library/Source/USART.o
                0x08001cf0                UART_Transmit_Buffer
 *fill*         0x08001d1e        0x2 
 .text.UART_Receive_Byte
                0x08001d20       0x5c ./Library/Source/USART.o
                0x08001d20                UART_Receive_Byte
 .text.UART_Available
                0x08001d7c       0x38 ./Library/Source/USART.o
                0x08001d7c                UART_Available
 .text.USART1_IRQHandler
                0x08001db4       0x38 ./Library/Source/USART.o
                0x08001db4                USART1_IRQHandler
 .text.USART2_IRQHandler
                0x08001dec       0x38 ./Library/Source/USART.o
                0x08001dec                USART2_IRQHandler
 .text.Control_Init
                0x08001e24       0x28 ./Library/Source/control.o
                0x08001e24                Control_Init
 .text.Control_SetMode
                0x08001e4c       0x44 ./Library/Source/control.o
                0x08001e4c                Control_SetMode
 .text.Control_AutoUpdate
                0x08001e90       0xa8 ./Library/Source/control.o
                0x08001e90                Control_AutoUpdate
 .text.Control_ProcessCommand
                0x08001f38      0x128 ./Library/Source/control.o
                0x08001f38                Control_ProcessCommand
 .text.Control_Process
                0x08002060       0xf8 ./Library/Source/control.o
                0x08002060                Control_Process
 .text.DWT_Init
                0x08002158       0x34 ./Library/Source/delay.o
                0x08002158                DWT_Init
 .text.DWT_tick
                0x0800218c       0x18 ./Library/Source/delay.o
                0x0800218c                DWT_tick
 .text.DWT_millis
                0x080021a4       0x28 ./Library/Source/delay.o
                0x080021a4                DWT_millis
 .text.DWT_micros
                0x080021cc       0x28 ./Library/Source/delay.o
                0x080021cc                DWT_micros
 .text.DWT_delay_ms
                0x080021f4       0x48 ./Library/Source/delay.o
                0x080021f4                DWT_delay_ms
 .text.Relay_Init
                0x0800223c       0x30 ./Library/Source/relay.o
                0x0800223c                Relay_Init
 .text.Relay_SetPump
                0x0800226c       0x54 ./Library/Source/relay.o
                0x0800226c                Relay_SetPump
 .text.Relay_SetMist
                0x080022c0       0x48 ./Library/Source/relay.o
                0x080022c0                Relay_SetMist
 .text.main     0x08002308      0x1bc ./Src/main.o
                0x08002308                main
 .text.SystemAPB1_Clock_Speed
                0x080024c4       0x30 ./Src/main.o
                0x080024c4                SystemAPB1_Clock_Speed
 .text.SystemAPB2_Clock_Speed
                0x080024f4       0x30 ./Src/main.o
                0x080024f4                SystemAPB2_Clock_Speed
 .text.MCU_Clock_Setup
                0x08002524      0x124 ./Src/main.o
                0x08002524                MCU_Clock_Setup
 .text.OLED_ShowLines
                0x08002648       0x94 ./Src/main.o
 .text._sbrk    0x080026dc       0x6c ./Src/sysmem.o
                0x080026dc                _sbrk
 .text.Reset_Handler
                0x08002748       0x50 ./Startup/startup_stm32f411ceux.o
                0x08002748                Reset_Handler
 .text.Default_Handler
                0x08002798        0x2 ./Startup/startup_stm32f411ceux.o
                0x08002798                RTC_Alarm_IRQHandler
                0x08002798                EXTI2_IRQHandler
                0x08002798                DebugMon_Handler
                0x08002798                SPI4_IRQHandler
                0x08002798                TIM1_CC_IRQHandler
                0x08002798                DMA2_Stream5_IRQHandler
                0x08002798                HardFault_Handler
                0x08002798                DMA1_Stream5_IRQHandler
                0x08002798                PVD_IRQHandler
                0x08002798                SDIO_IRQHandler
                0x08002798                TAMP_STAMP_IRQHandler
                0x08002798                NMI_Handler
                0x08002798                EXTI3_IRQHandler
                0x08002798                TIM1_UP_TIM10_IRQHandler
                0x08002798                I2C3_ER_IRQHandler
                0x08002798                EXTI0_IRQHandler
                0x08002798                I2C2_EV_IRQHandler
                0x08002798                DMA1_Stream2_IRQHandler
                0x08002798                UsageFault_Handler
                0x08002798                DMA2_Stream2_IRQHandler
                0x08002798                SPI1_IRQHandler
                0x08002798                TIM1_BRK_TIM9_IRQHandler
                0x08002798                DMA2_Stream3_IRQHandler
                0x08002798                USART6_IRQHandler
                0x08002798                DMA2_Stream0_IRQHandler
                0x08002798                TIM4_IRQHandler
                0x08002798                I2C1_EV_IRQHandler
                0x08002798                DMA1_Stream6_IRQHandler
                0x08002798                DMA1_Stream1_IRQHandler
                0x08002798                TIM3_IRQHandler
                0x08002798                RCC_IRQHandler
                0x08002798                Default_Handler
                0x08002798                EXTI15_10_IRQHandler
                0x08002798                ADC_IRQHandler
                0x08002798                DMA1_Stream7_IRQHandler
                0x08002798                SPI5_IRQHandler
                0x08002798                TIM5_IRQHandler
                0x08002798                DMA2_Stream7_IRQHandler
                0x08002798                I2C3_EV_IRQHandler
                0x08002798                EXTI9_5_IRQHandler
                0x08002798                RTC_WKUP_IRQHandler
                0x08002798                SPI2_IRQHandler
                0x08002798                MemManage_Handler
                0x08002798                DMA1_Stream0_IRQHandler
                0x08002798                EXTI4_IRQHandler
                0x08002798                WWDG_IRQHandler
                0x08002798                TIM2_IRQHandler
                0x08002798                OTG_FS_WKUP_IRQHandler
                0x08002798                TIM1_TRG_COM_TIM11_IRQHandler
                0x08002798                EXTI1_IRQHandler
                0x08002798                I2C2_ER_IRQHandler
                0x08002798                DMA2_Stream1_IRQHandler
                0x08002798                FLASH_IRQHandler
                0x08002798                DMA2_Stream4_IRQHandler
                0x08002798                BusFault_Handler
                0x08002798                OTG_FS_IRQHandler
                0x08002798                SPI3_IRQHandler
                0x08002798                DMA1_Stream4_IRQHandler
                0x08002798                I2C1_ER_IRQHandler
                0x08002798                DMA2_Stream6_IRQHandler
                0x08002798                DMA1_Stream3_IRQHandler
 *fill*         0x0800279a        0x2 
 .text.snprintf
                0x0800279c       0x6c C:/ST/STM32CubeIDE_2.1.1/STM32CubeIDE/plugins/com.st.stm32cube.ide.mcu.externaltools.gnu-tools-for-stm32.14.3.rel1.win32_1.0.100.202602081740/tools/bin/../lib/gcc/arm-none-eabi/14.3.1/../../../../arm-none-eabi/lib/thumb/v7e-m+fp/hard\libc_nano.a(libc_a-snprintf.o)
                0x0800279c                sniprintf
                0x0800279c                snprintf
 .text.memset   0x08002808       0x10 C:/ST/STM32CubeIDE_2.1.1/STM32CubeIDE/plugins/com.st.stm32cube.ide.mcu.externaltools.gnu-tools-for-stm32.14.3.rel1.win32_1.0.100.202602081740/tools/bin/../lib/gcc/arm-none-eabi/14.3.1/../../../../arm-none-eabi/lib/thumb/v7e-m+fp/hard\libc_nano.a(libc_a-memset.o)
                0x08002808                memset
 .text.__errno  0x08002818        0xc C:/ST/STM32CubeIDE_2.1.1/STM32CubeIDE/plugins/com.st.stm32cube.ide.mcu.externaltools.gnu-tools-for-stm32.14.3.rel1.win32_1.0.100.202602081740/tools/bin/../lib/gcc/arm-none-eabi/14.3.1/../../../../arm-none-eabi/lib/thumb/v7e-m+fp/hard\libc_nano.a(libc_a-errno.o)
                0x08002818                __errno
 .text.__libc_init_array
                0x08002824       0x48 C:/ST/STM32CubeIDE_2.1.1/STM32CubeIDE/plugins/com.st.stm32cube.ide.mcu.externaltools.gnu-tools-for-stm32.14.3.rel1.win32_1.0.100.202602081740/tools/bin/../lib/gcc/arm-none-eabi/14.3.1/../../../../arm-none-eabi/lib/thumb/v7e-m+fp/hard\libc_nano.a(libc_a-init.o)
                0x08002824                __libc_init_array
 .text.__retarget_lock_acquire_recursive
                0x0800286c        0x2 C:/ST/STM32CubeIDE_2.1.1/STM32CubeIDE/plugins/com.st.stm32cube.ide.mcu.externaltools.gnu-tools-for-stm32.14.3.rel1.win32_1.0.100.202602081740/tools/bin/../lib/gcc/arm-none-eabi/14.3.1/../../../../arm-none-eabi/lib/thumb/v7e-m+fp/hard\libc_nano.a(libc_a-lock.o)
                0x0800286c                __retarget_lock_acquire_recursive
 .text.__retarget_lock_release_recursive
                0x0800286e        0x2 C:/ST/STM32CubeIDE_2.1.1/STM32CubeIDE/plugins/com.st.stm32cube.ide.mcu.externaltools.gnu-tools-for-stm32.14.3.rel1.win32_1.0.100.202602081740/tools/bin/../lib/gcc/arm-none-eabi/14.3.1/../../../../arm-none-eabi/lib/thumb/v7e-m+fp/hard\libc_nano.a(libc_a-lock.o)
                0x0800286e                __retarget_lock_release_recursive
 .text.memcpy   0x08002870       0x1c C:/ST/STM32CubeIDE_2.1.1/STM32CubeIDE/plugins/com.st.stm32cube.ide.mcu.externaltools.gnu-tools-for-stm32.14.3.rel1.win32_1.0.100.202602081740/tools/bin/../lib/gcc/arm-none-eabi/14.3.1/../../../../arm-none-eabi/lib/thumb/v7e-m+fp/hard\libc_nano.a(libc_a-memcpy-stub.o)
                0x08002870                memcpy
 .text._free_r  0x0800288c       0x94 C:/ST/STM32CubeIDE_2.1.1/STM32CubeIDE/plugins/com.st.stm32cube.ide.mcu.externaltools.gnu-tools-for-stm32.14.3.rel1.win32_1.0.100.202602081740/tools/bin/../lib/gcc/arm-none-eabi/14.3.1/../../../../arm-none-eabi/lib/thumb/v7e-m+fp/hard\libc_nano.a(libc_a-freer.o)
                0x0800288c                _free_r
 .text.sbrk_aligned
                0x08002920       0x44 C:/ST/STM32CubeIDE_2.1.1/STM32CubeIDE/plugins/com.st.stm32cube.ide.mcu.externaltools.gnu-tools-for-stm32.14.3.rel1.win32_1.0.100.202602081740/tools/bin/../lib/gcc/arm-none-eabi/14.3.1/../../../../arm-none-eabi/lib/thumb/v7e-m+fp/hard\libc_nano.a(libc_a-mallocr.o)
 .text._malloc_r
                0x08002964      0x100 C:/ST/STM32CubeIDE_2.1.1/STM32CubeIDE/plugins/com.st.stm32cube.ide.mcu.externaltools.gnu-tools-for-stm32.14.3.rel1.win32_1.0.100.202602081740/tools/bin/../lib/gcc/arm-none-eabi/14.3.1/../../../../arm-none-eabi/lib/thumb/v7e-m+fp/hard\libc_nano.a(libc_a-mallocr.o)
                0x08002964                _malloc_r
 .text.__malloc_lock
                0x08002a64        0xc C:/ST/STM32CubeIDE_2.1.1/STM32CubeIDE/plugins/com.st.stm32cube.ide.mcu.externaltools.gnu-tools-for-stm32.14.3.rel1.win32_1.0.100.202602081740/tools/bin/../lib/gcc/arm-none-eabi/14.3.1/../../../../arm-none-eabi/lib/thumb/v7e-m+fp/hard\libc_nano.a(libc_a-mlock.o)
                0x08002a64                __malloc_lock
 .text.__malloc_unlock
                0x08002a70        0xc C:/ST/STM32CubeIDE_2.1.1/STM32CubeIDE/plugins/com.st.stm32cube.ide.mcu.externaltools.gnu-tools-for-stm32.14.3.rel1.win32_1.0.100.202602081740/tools/bin/../lib/gcc/arm-none-eabi/14.3.1/../../../../arm-none-eabi/lib/thumb/v7e-m+fp/hard\libc_nano.a(libc_a-mlock.o)
                0x08002a70                __malloc_unlock
 .text.__ssputs_r
                0x08002a7c       0xc0 C:/ST/STM32CubeIDE_2.1.1/STM32CubeIDE/plugins/com.st.stm32cube.ide.mcu.externaltools.gnu-tools-for-stm32.14.3.rel1.win32_1.0.100.202602081740/tools/bin/../lib/gcc/arm-none-eabi/14.3.1/../../../../arm-none-eabi/lib/thumb/v7e-m+fp/hard\libc_nano.a(libc_a-nano-svfprintf.o)
                0x08002a7c                __ssputs_r
 .text._svfprintf_r
                0x08002b3c      0x1f0 C:/ST/STM32CubeIDE_2.1.1/STM32CubeIDE/plugins/com.st.stm32cube.ide.mcu.externaltools.gnu-tools-for-stm32.14.3.rel1.win32_1.0.100.202602081740/tools/bin/../lib/gcc/arm-none-eabi/14.3.1/../../../../arm-none-eabi/lib/thumb/v7e-m+fp/hard\libc_nano.a(libc_a-nano-svfprintf.o)
                0x08002b3c                _svfiprintf_r
                0x08002b3c                _svfprintf_r
 .text._printf_common
                0x08002d2c       0xda C:/ST/STM32CubeIDE_2.1.1/STM32CubeIDE/plugins/com.st.stm32cube.ide.mcu.externaltools.gnu-tools-for-stm32.14.3.rel1.win32_1.0.100.202602081740/tools/bin/../lib/gcc/arm-none-eabi/14.3.1/../../../../arm-none-eabi/lib/thumb/v7e-m+fp/hard\libc_nano.a(libc_a-nano-vfprintf_i.o)
                0x08002d2c                _printf_common
 *fill*         0x08002e06        0x2 
 .text._printf_i
                0x08002e08      0x24c C:/ST/STM32CubeIDE_2.1.1/STM32CubeIDE/plugins/com.st.stm32cube.ide.mcu.externaltools.gnu-tools-for-stm32.14.3.rel1.win32_1.0.100.202602081740/tools/bin/../lib/gcc/arm-none-eabi/14.3.1/../../../../arm-none-eabi/lib/thumb/v7e-m+fp/hard\libc_nano.a(libc_a-nano-vfprintf_i.o)
                0x08002e08                _printf_i
 .text.memmove  0x08003054       0x32 C:/ST/STM32CubeIDE_2.1.1/STM32CubeIDE/plugins/com.st.stm32cube.ide.mcu.externaltools.gnu-tools-for-stm32.14.3.rel1.win32_1.0.100.202602081740/tools/bin/../lib/gcc/arm-none-eabi/14.3.1/../../../../arm-none-eabi/lib/thumb/v7e-m+fp/hard\libc_nano.a(libc_a-memmove.o)
                0x08003054                memmove
 *fill*         0x08003086        0x2 
 .text._sbrk_r  0x08003088       0x20 C:/ST/STM32CubeIDE_2.1.1/STM32CubeIDE/plugins/com.st.stm32cube.ide.mcu.externaltools.gnu-tools-for-stm32.14.3.rel1.win32_1.0.100.202602081740/tools/bin/../lib/gcc/arm-none-eabi/14.3.1/../../../../arm-none-eabi/lib/thumb/v7e-m+fp/hard\libc_nano.a(libc_a-sbrkr.o)
                0x08003088                _sbrk_r
 .text._realloc_r
                0x080030a8       0x5c C:/ST/STM32CubeIDE_2.1.1/STM32CubeIDE/plugins/com.st.stm32cube.ide.mcu.externaltools.gnu-tools-for-stm32.14.3.rel1.win32_1.0.100.202602081740/tools/bin/../lib/gcc/arm-none-eabi/14.3.1/../../../../arm-none-eabi/lib/thumb/v7e-m+fp/hard\libc_nano.a(libc_a-reallocr.o)
                0x080030a8                _realloc_r
 .text._malloc_usable_size_r
                0x08003104       0x10 C:/ST/STM32CubeIDE_2.1.1/STM32CubeIDE/plugins/com.st.stm32cube.ide.mcu.externaltools.gnu-tools-for-stm32.14.3.rel1.win32_1.0.100.202602081740/tools/bin/../lib/gcc/arm-none-eabi/14.3.1/../../../../arm-none-eabi/lib/thumb/v7e-m+fp/hard\libc_nano.a(libc_a-msizer.o)
                0x08003104                _malloc_usable_size_r
 *(.glue_7)
 .glue_7        0x08003114        0x0 linker stubs
 *(.glue_7t)
 .glue_7t       0x08003114        0x0 linker stubs
 *(.eh_frame)
 .eh_frame      0x08003114        0x0 C:/ST/STM32CubeIDE_2.1.1/STM32CubeIDE/plugins/com.st.stm32cube.ide.mcu.externaltools.gnu-tools-for-stm32.14.3.rel1.win32_1.0.100.202602081740/tools/bin/../lib/gcc/arm-none-eabi/14.3.1/thumb/v7e-m+fp/hard/crtbegin.o
 *(.init)
 .init          0x08003114        0x4 C:/ST/STM32CubeIDE_2.1.1/STM32CubeIDE/plugins/com.st.stm32cube.ide.mcu.externaltools.gnu-tools-for-stm32.14.3.rel1.win32_1.0.100.202602081740/tools/bin/../lib/gcc/arm-none-eabi/14.3.1/thumb/v7e-m+fp/hard/crti.o
                0x08003114                _init
 .init          0x08003118        0x8 C:/ST/STM32CubeIDE_2.1.1/STM32CubeIDE/plugins/com.st.stm32cube.ide.mcu.externaltools.gnu-tools-for-stm32.14.3.rel1.win32_1.0.100.202602081740/tools/bin/../lib/gcc/arm-none-eabi/14.3.1/thumb/v7e-m+fp/hard/crtn.o
 *(.fini)
 .fini          0x08003120        0x4 C:/ST/STM32CubeIDE_2.1.1/STM32CubeIDE/plugins/com.st.stm32cube.ide.mcu.externaltools.gnu-tools-for-stm32.14.3.rel1.win32_1.0.100.202602081740/tools/bin/../lib/gcc/arm-none-eabi/14.3.1/thumb/v7e-m+fp/hard/crti.o
                0x08003120                _fini
 .fini          0x08003124        0x8 C:/ST/STM32CubeIDE_2.1.1/STM32CubeIDE/plugins/com.st.stm32cube.ide.mcu.externaltools.gnu-tools-for-stm32.14.3.rel1.win32_1.0.100.202602081740/tools/bin/../lib/gcc/arm-none-eabi/14.3.1/thumb/v7e-m+fp/hard/crtn.o
                0x0800312c                        . = ALIGN (0x4)
                0x0800312c                        _etext = .

.vfp11_veneer   0x0800312c        0x0
 .vfp11_veneer  0x0800312c        0x0 linker stubs

.v4_bx          0x0800312c        0x0
 .v4_bx         0x0800312c        0x0 linker stubs

.iplt           0x0800312c        0x0
 .iplt          0x0800312c        0x0 C:/ST/STM32CubeIDE_2.1.1/STM32CubeIDE/plugins/com.st.stm32cube.ide.mcu.externaltools.gnu-tools-for-stm32.14.3.rel1.win32_1.0.100.202602081740/tools/bin/../lib/gcc/arm-none-eabi/14.3.1/thumb/v7e-m+fp/hard/crtbegin.o

.rodata         0x0800312c      0x910
                0x0800312c                        . = ALIGN (0x4)
 *(.rodata)
 .rodata        0x0800312c       0xd6 ./Library/Source/control.o
 *fill*         0x08003202        0x2 
 .rodata        0x08003204       0x7f ./Src/main.o
 *(.rodata*)
 *fill*         0x08003283        0x1 
 .rodata.AHBPrescTable
                0x08003284       0x10 ./CMSIS/Device/Source/system_stm32f4xx.o
                0x08003284                AHBPrescTable
 .rodata.APBPrescTable
                0x08003294        0x8 ./CMSIS/Device/Source/system_stm32f4xx.o
                0x08003294                APBPrescTable
 .rodata.Font7x10
                0x0800329c      0x76c ./Library/Source/fonts.o
                0x0800329c                Font7x10
 .rodata._svfprintf_r.str1.1
                0x08003a08       0x33 C:/ST/STM32CubeIDE_2.1.1/STM32CubeIDE/plugins/com.st.stm32cube.ide.mcu.externaltools.gnu-tools-for-stm32.14.3.rel1.win32_1.0.100.202602081740/tools/bin/../lib/gcc/arm-none-eabi/14.3.1/../../../../arm-none-eabi/lib/thumb/v7e-m+fp/hard\libc_nano.a(libc_a-nano-svfprintf.o)
                                 0x11 (size before relaxing)
 .rodata._printf_i.str1.1
                0x08003a3b       0x22 C:/ST/STM32CubeIDE_2.1.1/STM32CubeIDE/plugins/com.st.stm32cube.ide.mcu.externaltools.gnu-tools-for-stm32.14.3.rel1.win32_1.0.100.202602081740/tools/bin/../lib/gcc/arm-none-eabi/14.3.1/../../../../arm-none-eabi/lib/thumb/v7e-m+fp/hard\libc_nano.a(libc_a-nano-vfprintf_i.o)
                0x08003a60                        . = ALIGN (0x4)
 *fill*         0x08003a3b        0x1 

.ARM.extab      0x08003a3c        0x0
                0x08003a3c                        . = ALIGN (0x4)
 *(.ARM.extab* .gnu.linkonce.armextab.*)
                0x08003a3c                        . = ALIGN (0x4)

.ARM            0x08003a3c        0x8
                0x08003a3c                        . = ALIGN (0x4)
                0x08003a3c                        __exidx_start = .
 *(.ARM.exidx*)
 .ARM.exidx     0x08003a3c        0x8 C:/ST/STM32CubeIDE_2.1.1/STM32CubeIDE/plugins/com.st.stm32cube.ide.mcu.externaltools.gnu-tools-for-stm32.14.3.rel1.win32_1.0.100.202602081740/tools/bin/../lib/gcc/arm-none-eabi/14.3.1/../../../../arm-none-eabi/lib/thumb/v7e-m+fp/hard\libc_nano.a(libc_a-strcmp.o)
 .ARM.exidx     0x08003a44        0x0 C:/ST/STM32CubeIDE_2.1.1/STM32CubeIDE/plugins/com.st.stm32cube.ide.mcu.externaltools.gnu-tools-for-stm32.14.3.rel1.win32_1.0.100.202602081740/tools/bin/../lib/gcc/arm-none-eabi/14.3.1/../../../../arm-none-eabi/lib/thumb/v7e-m+fp/hard\libc_nano.a(libc_a-memchr.o)
                                  0x8 (size before relaxing)
                0x08003a44                        __exidx_end = .
                0x08003a44                        . = ALIGN (0x4)

.preinit_array  0x08003a44        0x0
                0x08003a44                        . = ALIGN (0x4)
                0x08003a44                        PROVIDE (__preinit_array_start = .)
 *(.preinit_array*)
                0x08003a44                        PROVIDE (__preinit_array_end = .)
                0x08003a44                        . = ALIGN (0x4)

.init_array     0x08003a44        0x4
                0x08003a44                        . = ALIGN (0x4)
                0x08003a44                        PROVIDE (__init_array_start = .)
 *(SORT_BY_NAME(.init_array.*))
 *(.init_array*)
 .init_array    0x08003a44        0x4 C:/ST/STM32CubeIDE_2.1.1/STM32CubeIDE/plugins/com.st.stm32cube.ide.mcu.externaltools.gnu-tools-for-stm32.14.3.rel1.win32_1.0.100.202602081740/tools/bin/../lib/gcc/arm-none-eabi/14.3.1/thumb/v7e-m+fp/hard/crtbegin.o
                0x08003a48                        PROVIDE (__init_array_end = .)
                0x08003a48                        . = ALIGN (0x4)

.fini_array     0x08003a48        0x4
                0x08003a48                        . = ALIGN (0x4)
                [!provide]                        PROVIDE (__fini_array_start = .)
 *(SORT_BY_NAME(.fini_array.*))
 *(.fini_array*)
 .fini_array    0x08003a48        0x4 C:/ST/STM32CubeIDE_2.1.1/STM32CubeIDE/plugins/com.st.stm32cube.ide.mcu.externaltools.gnu-tools-for-stm32.14.3.rel1.win32_1.0.100.202602081740/tools/bin/../lib/gcc/arm-none-eabi/14.3.1/thumb/v7e-m+fp/hard/crtbegin.o
                [!provide]                        PROVIDE (__fini_array_end = .)
                0x08003a4c                        . = ALIGN (0x4)
                0x08003a4c                        _sidata = LOADADDR (.data)

.rel.dyn        0x08003a4c        0x0
 .rel.iplt      0x08003a4c        0x0 C:/ST/STM32CubeIDE_2.1.1/STM32CubeIDE/plugins/com.st.stm32cube.ide.mcu.externaltools.gnu-tools-for-stm32.14.3.rel1.win32_1.0.100.202602081740/tools/bin/../lib/gcc/arm-none-eabi/14.3.1/thumb/v7e-m+fp/hard/crtbegin.o

.data           0x20000000       0x70 load address 0x08003a4c
                0x20000000                        . = ALIGN (0x4)
                0x20000000                        _sdata = .
 *(.data)
 *(.data*)
 .data.SystemCoreClock
                0x20000000        0x4 ./CMSIS/Device/Source/system_stm32f4xx.o
                0x20000000                SystemCoreClock
 .data.Font_7x10
                0x20000004        0x8 ./Library/Source/fonts.o
                0x20000004                Font_7x10
 .data.ESP32_UART
                0x2000000c       0x14 ./Src/main.o
                0x2000000c                ESP32_UART
 .data._impure_ptr
                0x20000020        0x4 C:/ST/STM32CubeIDE_2.1.1/STM32CubeIDE/plugins/com.st.stm32cube.ide.mcu.externaltools.gnu-tools-for-stm32.14.3.rel1.win32_1.0.100.202602081740/tools/bin/../lib/gcc/arm-none-eabi/14.3.1/../../../../arm-none-eabi/lib/thumb/v7e-m+fp/hard\libc_nano.a(libc_a-impure.o)
                0x20000020                _impure_ptr
 .data._impure_data
                0x20000024       0x4c C:/ST/STM32CubeIDE_2.1.1/STM32CubeIDE/plugins/com.st.stm32cube.ide.mcu.externaltools.gnu-tools-for-stm32.14.3.rel1.win32_1.0.100.202602081740/tools/bin/../lib/gcc/arm-none-eabi/14.3.1/../../../../arm-none-eabi/lib/thumb/v7e-m+fp/hard\libc_nano.a(libc_a-impure.o)
                0x20000024                _impure_data
 *(.RamFunc)
 *(.RamFunc*)
                0x20000070                        . = ALIGN (0x4)
                0x20000070                        _edata = .

.igot.plt       0x20000070        0x0 load address 0x08003abc
 .igot.plt      0x20000070        0x0 C:/ST/STM32CubeIDE_2.1.1/STM32CubeIDE/plugins/com.st.stm32cube.ide.mcu.externaltools.gnu-tools-for-stm32.14.3.rel1.win32_1.0.100.202602081740/tools/bin/../lib/gcc/arm-none-eabi/14.3.1/thumb/v7e-m+fp/hard/crtbegin.o
                0x20000070                        . = ALIGN (0x4)

.bss            0x20000070      0xa68 load address 0x08003abc
                0x20000070                        _sbss = .
                0x20000070                        __bss_start__ = _sbss
 *(.bss)
 .bss           0x20000070       0x1c C:/ST/STM32CubeIDE_2.1.1/STM32CubeIDE/plugins/com.st.stm32cube.ide.mcu.externaltools.gnu-tools-for-stm32.14.3.rel1.win32_1.0.100.202602081740/tools/bin/../lib/gcc/arm-none-eabi/14.3.1/thumb/v7e-m+fp/hard/crtbegin.o
 *(.bss*)
 .bss.pxCurrentTCB
                0x2000008c        0x4 ./CMSIS/RTOS2/FreeRTOS/Source/tasks.o
                0x2000008c                pxCurrentTCB
 .bss.pxReadyTasksLists
                0x20000090      0x460 ./CMSIS/RTOS2/FreeRTOS/Source/tasks.o
 .bss.pxDelayedTaskList
                0x200004f0        0x4 ./CMSIS/RTOS2/FreeRTOS/Source/tasks.o
 .bss.pxOverflowDelayedTaskList
                0x200004f4        0x4 ./CMSIS/RTOS2/FreeRTOS/Source/tasks.o
 .bss.xTickCount
                0x200004f8        0x4 ./CMSIS/RTOS2/FreeRTOS/Source/tasks.o
 .bss.uxTopReadyPriority
                0x200004fc        0x4 ./CMSIS/RTOS2/FreeRTOS/Source/tasks.o
 .bss.xSchedulerRunning
                0x20000500        0x4 ./CMSIS/RTOS2/FreeRTOS/Source/tasks.o
 .bss.xPendedTicks
                0x20000504        0x4 ./CMSIS/RTOS2/FreeRTOS/Source/tasks.o
 .bss.xYieldPendings
                0x20000508        0x4 ./CMSIS/RTOS2/FreeRTOS/Source/tasks.o
 .bss.xNumOfOverflows
                0x2000050c        0x4 ./CMSIS/RTOS2/FreeRTOS/Source/tasks.o
 .bss.xNextTaskUnblockTime
                0x20000510        0x4 ./CMSIS/RTOS2/FreeRTOS/Source/tasks.o
 .bss.uxSchedulerSuspended
                0x20000514        0x4 ./CMSIS/RTOS2/FreeRTOS/Source/tasks.o
 .bss.BH1750_I2C
                0x20000518        0x8 ./Library/Source/BH1750.o
 .bss.DHT11_PORT
                0x20000520        0x4 ./Library/Source/DHT11.o
 .bss.DHT11_PIN
                0x20000524        0x2 ./Library/Source/DHT11.o
 *fill*         0x20000526        0x2 
 .bss.SH1106_Buffer
                0x20000528      0x420 ./Library/Source/SH1106.o
 .bss.SH1106    0x20000948        0x6 ./Library/Source/SH1106.o
 *fill*         0x2000094e        0x2 
 .bss.SH1106_I2C_Config
                0x20000950        0x8 ./Library/Source/SH1106.o
 .bss.uart1RxBuffer
                0x20000958        0x1 ./Library/Source/USART.o
 .bss.uart1RxReady
                0x20000959        0x1 ./Library/Source/USART.o
 .bss.uart2RxBuffer
                0x2000095a        0x1 ./Library/Source/USART.o
 .bss.uart2RxReady
                0x2000095b        0x1 ./Library/Source/USART.o
 .bss.currentMode
                0x2000095c        0x1 ./Library/Source/control.o
 *fill*         0x2000095d        0x3 
 .bss.lastAutoCheck
                0x20000960        0x4 ./Library/Source/control.o
 .bss.pumpHysteresisTimer
                0x20000964        0x4 ./Library/Source/control.o
 .bss.mistHysteresisTimer
                0x20000968        0x4 ./Library/Source/control.o
 .bss.pumpReq.2
                0x2000096c        0x1 ./Library/Source/control.o
 .bss.mistReq.1
                0x2000096d        0x1 ./Library/Source/control.o
 *fill*         0x2000096e        0x2 
 .bss.lastRun.0
                0x20000970        0x4 ./Library/Source/control.o
 .bss.pumpState
                0x20000974        0x1 ./Library/Source/relay.o
 .bss.mistState
                0x20000975        0x1 ./Library/Source/relay.o
 *fill*         0x20000976        0x2 
 .bss.APB1CLK_SPEED
                0x20000978        0x4 ./Src/main.o
                0x20000978                APB1CLK_SPEED
 .bss.APB2CLK_SPEED
                0x2000097c        0x4 ./Src/main.o
                0x2000097c                APB2CLK_SPEED
 .bss.dht11     0x20000980        0x2 ./Src/main.o
                0x20000980                dht11
 *fill*         0x20000982        0x2 
 .bss.lux_f     0x20000984        0x4 ./Src/main.o
                0x20000984                lux_f
 .bss.soilMoisture
                0x20000988        0x2 ./Src/main.o
                0x20000988                soilMoisture
 *fill*         0x2000098a        0x2 
 .bss.__sbrk_heap_end
                0x2000098c        0x4 ./Src/sysmem.o
 .bss.__sf      0x20000990      0x138 C:/ST/STM32CubeIDE_2.1.1/STM32CubeIDE/plugins/com.st.stm32cube.ide.mcu.externaltools.gnu-tools-for-stm32.14.3.rel1.win32_1.0.100.202602081740/tools/bin/../lib/gcc/arm-none-eabi/14.3.1/../../../../arm-none-eabi/lib/thumb/v7e-m+fp/hard\libc_nano.a(libc_a-findfp.o)
                0x20000990                __sf
 .bss.errno     0x20000ac8        0x4 C:/ST/STM32CubeIDE_2.1.1/STM32CubeIDE/plugins/com.st.stm32cube.ide.mcu.externaltools.gnu-tools-for-stm32.14.3.rel1.win32_1.0.100.202602081740/tools/bin/../lib/gcc/arm-none-eabi/14.3.1/../../../../arm-none-eabi/lib/thumb/v7e-m+fp/hard\libc_nano.a(libc_a-reent.o)
                0x20000ac8                errno
 .bss.__lock___malloc_recursive_mutex
                0x20000acc        0x1 C:/ST/STM32CubeIDE_2.1.1/STM32CubeIDE/plugins/com.st.stm32cube.ide.mcu.externaltools.gnu-tools-for-stm32.14.3.rel1.win32_1.0.100.202602081740/tools/bin/../lib/gcc/arm-none-eabi/14.3.1/../../../../arm-none-eabi/lib/thumb/v7e-m+fp/hard\libc_nano.a(libc_a-lock.o)
                0x20000acc                __lock___malloc_recursive_mutex
 *fill*         0x20000acd        0x3 
 .bss.__malloc_sbrk_start
                0x20000ad0        0x4 C:/ST/STM32CubeIDE_2.1.1/STM32CubeIDE/plugins/com.st.stm32cube.ide.mcu.externaltools.gnu-tools-for-stm32.14.3.rel1.win32_1.0.100.202602081740/tools/bin/../lib/gcc/arm-none-eabi/14.3.1/../../../../arm-none-eabi/lib/thumb/v7e-m+fp/hard\libc_nano.a(libc_a-mallocr.o)
                0x20000ad0                __malloc_sbrk_start
 .bss.__malloc_free_list
                0x20000ad4        0x4 C:/ST/STM32CubeIDE_2.1.1/STM32CubeIDE/plugins/com.st.stm32cube.ide.mcu.externaltools.gnu-tools-for-stm32.14.3.rel1.win32_1.0.100.202602081740/tools/bin/../lib/gcc/arm-none-eabi/14.3.1/../../../../arm-none-eabi/lib/thumb/v7e-m+fp/hard\libc_nano.a(libc_a-mallocr.o)
                0x20000ad4                __malloc_free_list
 *(COMMON)
                0x20000ad8                        . = ALIGN (0x4)
                0x20000ad8                        _ebss = .
                0x20000ad8                        __bss_end__ = _ebss

._user_heap_stack
                0x20000ad8      0x600 load address 0x08003abc
                0x20000ad8                        . = ALIGN (0x8)
                [!provide]                        PROVIDE (end = .)
                0x20000ad8                        PROVIDE (_end = .)
                0x20000cd8                        . = (. + _Min_Heap_Size)
 *fill*         0x20000ad8      0x200 
                0x200010d8                        . = (. + _Min_Stack_Size)
 *fill*         0x20000cd8      0x400 
                0x200010d8                        . = ALIGN (0x8)

/DISCARD/
 libc.a(*)
 libm.a(*)
 libgcc.a(*)

.ARM.attributes
                0x00000000       0x30
 *(.ARM.attributes)
 .ARM.attributes
                0x00000000       0x22 C:/ST/STM32CubeIDE_2.1.1/STM32CubeIDE/plugins/com.st.stm32cube.ide.mcu.externaltools.gnu-tools-for-stm32.14.3.rel1.win32_1.0.100.202602081740/tools/bin/../lib/gcc/arm-none-eabi/14.3.1/thumb/v7e-m+fp/hard/crti.o
 .ARM.attributes
                0x00000022       0x34 C:/ST/STM32CubeIDE_2.1.1/STM32CubeIDE/plugins/com.st.stm32cube.ide.mcu.externaltools.gnu-tools-for-stm32.14.3.rel1.win32_1.0.100.202602081740/tools/bin/../lib/gcc/arm-none-eabi/14.3.1/thumb/v7e-m+fp/hard/crtbegin.o
 .ARM.attributes
                0x00000056       0x34 ./CMSIS/Device/Source/system_stm32f4xx.o
 .ARM.attributes
                0x0000008a       0x34 ./CMSIS/RTOS2/FreeRTOS/Source/cmsis_os2.o
 .ARM.attributes
                0x000000be       0x34 ./CMSIS/RTOS2/FreeRTOS/Source/port.o
 .ARM.attributes
                0x000000f2       0x34 ./CMSIS/RTOS2/FreeRTOS/Source/tasks.o
 .ARM.attributes
                0x00000126       0x34 ./Library/Source/ADC.o
 .ARM.attributes
                0x0000015a       0x34 ./Library/Source/BH1750.o
 .ARM.attributes
                0x0000018e       0x34 ./Library/Source/DHT11.o
 .ARM.attributes
                0x000001c2       0x34 ./Library/Source/GPIO.o
 .ARM.attributes
                0x000001f6       0x34 ./Library/Source/I2C.o
 .ARM.attributes
                0x0000022a       0x34 ./Library/Source/SH1106.o
 .ARM.attributes
                0x0000025e       0x34 ./Library/Source/USART.o
 .ARM.attributes
                0x00000292       0x34 ./Library/Source/control.o
 .ARM.attributes
                0x000002c6       0x34 ./Library/Source/delay.o
 .ARM.attributes
                0x000002fa       0x34 ./Library/Source/fonts.o
 .ARM.attributes
                0x0000032e       0x34 ./Library/Source/relay.o
 .ARM.attributes
                0x00000362       0x34 ./Src/main.o
 .ARM.attributes
                0x00000396       0x34 ./Src/sysmem.o
 .ARM.attributes
                0x000003ca       0x21 ./Startup/startup_stm32f411ceux.o
 .ARM.attributes
                0x000003eb       0x34 C:/ST/STM32CubeIDE_2.1.1/STM32CubeIDE/plugins/com.st.stm32cube.ide.mcu.externaltools.gnu-tools-for-stm32.14.3.rel1.win32_1.0.100.202602081740/tools/bin/../lib/gcc/arm-none-eabi/14.3.1/../../../../arm-none-eabi/lib/thumb/v7e-m+fp/hard\libc_nano.a(libc_a-findfp.o)
 .ARM.attributes
                0x0000041f       0x34 C:/ST/STM32CubeIDE_2.1.1/STM32CubeIDE/plugins/com.st.stm32cube.ide.mcu.externaltools.gnu-tools-for-stm32.14.3.rel1.win32_1.0.100.202602081740/tools/bin/../lib/gcc/arm-none-eabi/14.3.1/../../../../arm-none-eabi/lib/thumb/v7e-m+fp/hard\libc_nano.a(libc_a-snprintf.o)
 .ARM.attributes
                0x00000453       0x34 C:/ST/STM32CubeIDE_2.1.1/STM32CubeIDE/plugins/com.st.stm32cube.ide.mcu.externaltools.gnu-tools-for-stm32.14.3.rel1.win32_1.0.100.202602081740/tools/bin/../lib/gcc/arm-none-eabi/14.3.1/../../../../arm-none-eabi/lib/thumb/v7e-m+fp/hard\libc_nano.a(libc_a-memset.o)
 .ARM.attributes
                0x00000487       0x34 C:/ST/STM32CubeIDE_2.1.1/STM32CubeIDE/plugins/com.st.stm32cube.ide.mcu.externaltools.gnu-tools-for-stm32.14.3.rel1.win32_1.0.100.202602081740/tools/bin/../lib/gcc/arm-none-eabi/14.3.1/../../../../arm-none-eabi/lib/thumb/v7e-m+fp/hard\libc_nano.a(libc_a-reent.o)
 .ARM.attributes
                0x000004bb       0x34 C:/ST/STM32CubeIDE_2.1.1/STM32CubeIDE/plugins/com.st.stm32cube.ide.mcu.externaltools.gnu-tools-for-stm32.14.3.rel1.win32_1.0.100.202602081740/tools/bin/../lib/gcc/arm-none-eabi/14.3.1/../../../../arm-none-eabi/lib/thumb/v7e-m+fp/hard\libc_nano.a(libc_a-impure.o)
 .ARM.attributes
                0x000004ef       0x34 C:/ST/STM32CubeIDE_2.1.1/STM32CubeIDE/plugins/com.st.stm32cube.ide.mcu.externaltools.gnu-tools-for-stm32.14.3.rel1.win32_1.0.100.202602081740/tools/bin/../lib/gcc/arm-none-eabi/14.3.1/../../../../arm-none-eabi/lib/thumb/v7e-m+fp/hard\libc_nano.a(libc_a-errno.o)
 .ARM.attributes
                0x00000523       0x34 C:/ST/STM32CubeIDE_2.1.1/STM32CubeIDE/plugins/com.st.stm32cube.ide.mcu.externaltools.gnu-tools-for-stm32.14.3.rel1.win32_1.0.100.202602081740/tools/bin/../lib/gcc/arm-none-eabi/14.3.1/../../../../arm-none-eabi/lib/thumb/v7e-m+fp/hard\libc_nano.a(libc_a-init.o)
 .ARM.attributes
                0x00000557       0x34 C:/ST/STM32CubeIDE_2.1.1/STM32CubeIDE/plugins/com.st.stm32cube.ide.mcu.externaltools.gnu-tools-for-stm32.14.3.rel1.win32_1.0.100.202602081740/tools/bin/../lib/gcc/arm-none-eabi/14.3.1/../../../../arm-none-eabi/lib/thumb/v7e-m+fp/hard\libc_nano.a(libc_a-lock.o)
 .ARM.attributes
                0x0000058b       0x20 C:/ST/STM32CubeIDE_2.1.1/STM32CubeIDE/plugins/com.st.stm32cube.ide.mcu.externaltools.gnu-tools-for-stm32.14.3.rel1.win32_1.0.100.202602081740/tools/bin/../lib/gcc/arm-none-eabi/14.3.1/../../../../arm-none-eabi/lib/thumb/v7e-m+fp/hard\libc_nano.a(libc_a-strcmp.o)
 .ARM.attributes
                0x000005ab       0x34 C:/ST/STM32CubeIDE_2.1.1/STM32CubeIDE/plugins/com.st.stm32cube.ide.mcu.externaltools.gnu-tools-for-stm32.14.3.rel1.win32_1.0.100.202602081740/tools/bin/../lib/gcc/arm-none-eabi/14.3.1/../../../../arm-none-eabi/lib/thumb/v7e-m+fp/hard\libc_nano.a(libc_a-memcpy-stub.o)
 .ARM.attributes
                0x000005df       0x34 C:/ST/STM32CubeIDE_2.1.1/STM32CubeIDE/plugins/com.st.stm32cube.ide.mcu.externaltools.gnu-tools-for-stm32.14.3.rel1.win32_1.0.100.202602081740/tools/bin/../lib/gcc/arm-none-eabi/14.3.1/../../../../arm-none-eabi/lib/thumb/v7e-m+fp/hard\libc_nano.a(libc_a-freer.o)
 .ARM.attributes
                0x00000613       0x34 C:/ST/STM32CubeIDE_2.1.1/STM32CubeIDE/plugins/com.st.stm32cube.ide.mcu.externaltools.gnu-tools-for-stm32.14.3.rel1.win32_1.0.100.202602081740/tools/bin/../lib/gcc/arm-none-eabi/14.3.1/../../../../arm-none-eabi/lib/thumb/v7e-m+fp/hard\libc_nano.a(libc_a-mallocr.o)
 .ARM.attributes
                0x00000647       0x34 C:/ST/STM32CubeIDE_2.1.1/STM32CubeIDE/plugins/com.st.stm32cube.ide.mcu.externaltools.gnu-tools-for-stm32.14.3.rel1.win32_1.0.100.202602081740/tools/bin/../lib/gcc/arm-none-eabi/14.3.1/../../../../arm-none-eabi/lib/thumb/v7e-m+fp/hard\libc_nano.a(libc_a-mlock.o)
 .ARM.attributes
                0x0000067b       0x34 C:/ST/STM32CubeIDE_2.1.1/STM32CubeIDE/plugins/com.st.stm32cube.ide.mcu.externaltools.gnu-tools-for-stm32.14.3.rel1.win32_1.0.100.202602081740/tools/bin/../lib/gcc/arm-none-eabi/14.3.1/../../../../arm-none-eabi/lib/thumb/v7e-m+fp/hard\libc_nano.a(libc_a-nano-svfprintf.o)
 .ARM.attributes
                0x000006af       0x34 C:/ST/STM32CubeIDE_2.1.1/STM32CubeIDE/plugins/com.st.stm32cube.ide.mcu.externaltools.gnu-tools-for-stm32.14.3.rel1.win32_1.0.100.202602081740/tools/bin/../lib/gcc/arm-none-eabi/14.3.1/../../../../arm-none-eabi/lib/thumb/v7e-m+fp/hard\libc_nano.a(libc_a-nano-vfprintf_i.o)
 .ARM.attributes
                0x000006e3       0x34 C:/ST/STM32CubeIDE_2.1.1/STM32CubeIDE/plugins/com.st.stm32cube.ide.mcu.externaltools.gnu-tools-for-stm32.14.3.rel1.win32_1.0.100.202602081740/tools/bin/../lib/gcc/arm-none-eabi/14.3.1/../../../../arm-none-eabi/lib/thumb/v7e-m+fp/hard\libc_nano.a(libc_a-memmove.o)
 .ARM.attributes
                0x00000717       0x34 C:/ST/STM32CubeIDE_2.1.1/STM32CubeIDE/plugins/com.st.stm32cube.ide.mcu.externaltools.gnu-tools-for-stm32.14.3.rel1.win32_1.0.100.202602081740/tools/bin/../lib/gcc/arm-none-eabi/14.3.1/../../../../arm-none-eabi/lib/thumb/v7e-m+fp/hard\libc_nano.a(libc_a-sbrkr.o)
 .ARM.attributes
                0x0000074b       0x1c C:/ST/STM32CubeIDE_2.1.1/STM32CubeIDE/plugins/com.st.stm32cube.ide.mcu.externaltools.gnu-tools-for-stm32.14.3.rel1.win32_1.0.100.202602081740/tools/bin/../lib/gcc/arm-none-eabi/14.3.1/../../../../arm-none-eabi/lib/thumb/v7e-m+fp/hard\libc_nano.a(libc_a-memchr.o)
 .ARM.attributes
                0x00000767       0x34 C:/ST/STM32CubeIDE_2.1.1/STM32CubeIDE/plugins/com.st.stm32cube.ide.mcu.externaltools.gnu-tools-for-stm32.14.3.rel1.win32_1.0.100.202602081740/tools/bin/../lib/gcc/arm-none-eabi/14.3.1/../../../../arm-none-eabi/lib/thumb/v7e-m+fp/hard\libc_nano.a(libc_a-reallocr.o)
 .ARM.attributes
                0x0000079b       0x34 C:/ST/STM32CubeIDE_2.1.1/STM32CubeIDE/plugins/com.st.stm32cube.ide.mcu.externaltools.gnu-tools-for-stm32.14.3.rel1.win32_1.0.100.202602081740/tools/bin/../lib/gcc/arm-none-eabi/14.3.1/../../../../arm-none-eabi/lib/thumb/v7e-m+fp/hard\libc_nano.a(libc_a-msizer.o)
 .ARM.attributes
                0x000007cf       0x22 C:/ST/STM32CubeIDE_2.1.1/STM32CubeIDE/plugins/com.st.stm32cube.ide.mcu.externaltools.gnu-tools-for-stm32.14.3.rel1.win32_1.0.100.202602081740/tools/bin/../lib/gcc/arm-none-eabi/14.3.1/thumb/v7e-m+fp/hard/crtn.o
OUTPUT(STM32_project-cmsis.elf elf32-littlearm)
LOAD linker stubs
LOAD C:/ST/STM32CubeIDE_2.1.1/STM32CubeIDE/plugins/com.st.stm32cube.ide.mcu.externaltools.gnu-tools-for-stm32.14.3.rel1.win32_1.0.100.202602081740/tools/bin/../lib/gcc/arm-none-eabi/14.3.1/../../../../arm-none-eabi/lib/thumb/v7e-m+fp/hard\libc.a
LOAD C:/ST/STM32CubeIDE_2.1.1/STM32CubeIDE/plugins/com.st.stm32cube.ide.mcu.externaltools.gnu-tools-for-stm32.14.3.rel1.win32_1.0.100.202602081740/tools/bin/../lib/gcc/arm-none-eabi/14.3.1/../../../../arm-none-eabi/lib/thumb/v7e-m+fp/hard\libm.a
LOAD C:/ST/STM32CubeIDE_2.1.1/STM32CubeIDE/plugins/com.st.stm32cube.ide.mcu.externaltools.gnu-tools-for-stm32.14.3.rel1.win32_1.0.100.202602081740/tools/bin/../lib/gcc/arm-none-eabi/14.3.1/thumb/v7e-m+fp/hard\libgcc.a

.debug_info     0x00000000     0xb726
 .debug_info    0x00000000      0x567 ./CMSIS/Device/Source/system_stm32f4xx.o
 .debug_info    0x00000567     0x2f40 ./CMSIS/RTOS2/FreeRTOS/Source/cmsis_os2.o
 .debug_info    0x000034a7      0x57c ./CMSIS/RTOS2/FreeRTOS/Source/port.o
 .debug_info    0x00003a23     0x2eeb ./CMSIS/RTOS2/FreeRTOS/Source/tasks.o
 .debug_info    0x0000690e      0x4a4 ./Library/Source/ADC.o
 .debug_info    0x00006db2      0x318 ./Library/Source/BH1750.o
 .debug_info    0x000070ca      0x3a0 ./Library/Source/DHT11.o
 .debug_info    0x0000746a      0xa7e ./Library/Source/GPIO.o
 .debug_info    0x00007ee8      0x815 ./Library/Source/I2C.o
 .debug_info    0x000086fd      0xae0 ./Library/Source/SH1106.o
 .debug_info    0x000091dd      0xd13 ./Library/Source/USART.o
 .debug_info    0x00009ef0      0x499 ./Library/Source/control.o
 .debug_info    0x0000a389      0x3a3 ./Library/Source/delay.o
 .debug_info    0x0000a72c      0x255 ./Library/Source/fonts.o
 .debug_info    0x0000a981      0x244 ./Library/Source/relay.o
 .debug_info    0x0000abc5      0x9c9 ./Src/main.o
 .debug_info    0x0000b58e      0x168 ./Src/sysmem.o
 .debug_info    0x0000b6f6       0x30 ./Startup/startup_stm32f411ceux.o

.debug_abbrev   0x00000000     0x23e0
 .debug_abbrev  0x00000000      0x139 ./CMSIS/Device/Source/system_stm32f4xx.o
 .debug_abbrev  0x00000139      0x4dc ./CMSIS/RTOS2/FreeRTOS/Source/cmsis_os2.o
 .debug_abbrev  0x00000615      0x248 ./CMSIS/RTOS2/FreeRTOS/Source/port.o
 .debug_abbrev  0x0000085d      0x38e ./CMSIS/RTOS2/FreeRTOS/Source/tasks.o
 .debug_abbrev  0x00000beb      0x159 ./Library/Source/ADC.o
 .debug_abbrev  0x00000d44      0x1a3 ./Library/Source/BH1750.o
 .debug_abbrev  0x00000ee7      0x1ca ./Library/Source/DHT11.o
 .debug_abbrev  0x000010b1      0x227 ./Library/Source/GPIO.o
 .debug_abbrev  0x000012d8      0x263 ./Library/Source/I2C.o
 .debug_abbrev  0x0000153b      0x29c ./Library/Source/SH1106.o
 .debug_abbrev  0x000017d7      0x2cc ./Library/Source/USART.o
 .debug_abbrev  0x00001aa3      0x1eb ./Library/Source/control.o
 .debug_abbrev  0x00001c8e      0x1a3 ./Library/Source/delay.o
 .debug_abbrev  0x00001e31      0x11c ./Library/Source/fonts.o
 .debug_abbrev  0x00001f4d      0x161 ./Library/Source/relay.o
 .debug_abbrev  0x000020ae      0x252 ./Src/main.o
 .debug_abbrev  0x00002300       0xbc ./Src/sysmem.o
 .debug_abbrev  0x000023bc       0x24 ./Startup/startup_stm32f411ceux.o

.debug_aranges  0x00000000      0xa10
 .debug_aranges
                0x00000000       0x28 ./CMSIS/Device/Source/system_stm32f4xx.o
 .debug_aranges
                0x00000028      0x288 ./CMSIS/RTOS2/FreeRTOS/Source/cmsis_os2.o
 .debug_aranges
                0x000002b0       0x80 ./CMSIS/RTOS2/FreeRTOS/Source/port.o
 .debug_aranges
                0x00000330      0x260 ./CMSIS/RTOS2/FreeRTOS/Source/tasks.o
 .debug_aranges
                0x00000590       0x28 ./Library/Source/ADC.o
 .debug_aranges
                0x000005b8       0x38 ./Library/Source/BH1750.o
 .debug_aranges
                0x000005f0       0x48 ./Library/Source/DHT11.o
 .debug_aranges
                0x00000638       0x50 ./Library/Source/GPIO.o
 .debug_aranges
                0x00000688       0x90 ./Library/Source/I2C.o
 .debug_aranges
                0x00000718       0xc8 ./Library/Source/SH1106.o
 .debug_aranges
                0x000007e0       0x90 ./Library/Source/USART.o
 .debug_aranges
                0x00000870       0x48 ./Library/Source/control.o
 .debug_aranges
                0x000008b8       0x60 ./Library/Source/delay.o
 .debug_aranges
                0x00000918       0x20 ./Library/Source/fonts.o
 .debug_aranges
                0x00000938       0x50 ./Library/Source/relay.o
 .debug_aranges
                0x00000988       0x40 ./Src/main.o
 .debug_aranges
                0x000009c8       0x20 ./Src/sysmem.o
 .debug_aranges
                0x000009e8       0x28 ./Startup/startup_stm32f411ceux.o

.debug_rnglists
                0x00000000      0x79c
 .debug_rnglists
                0x00000000       0x1a ./CMSIS/Device/Source/system_stm32f4xx.o
 .debug_rnglists
                0x0000001a      0x1f4 ./CMSIS/RTOS2/FreeRTOS/Source/cmsis_os2.o
 .debug_rnglists
                0x0000020e       0x5d ./CMSIS/RTOS2/FreeRTOS/Source/port.o
 .debug_rnglists
                0x0000026b      0x1f9 ./CMSIS/RTOS2/FreeRTOS/Source/tasks.o
 .debug_rnglists
                0x00000464       0x1a ./Library/Source/ADC.o
 .debug_rnglists
                0x0000047e       0x26 ./Library/Source/BH1750.o
 .debug_rnglists
                0x000004a4       0x33 ./Library/Source/DHT11.o
 .debug_rnglists
                0x000004d7       0x39 ./Library/Source/GPIO.o
 .debug_rnglists
                0x00000510       0x6d ./Library/Source/I2C.o
 .debug_rnglists
                0x0000057d       0x9b ./Library/Source/SH1106.o
 .debug_rnglists
                0x00000618       0x69 ./Library/Source/USART.o
 .debug_rnglists
                0x00000681       0x34 ./Library/Source/control.o
 .debug_rnglists
                0x000006b5       0x43 ./Library/Source/delay.o
 .debug_rnglists
                0x000006f8       0x13 ./Library/Source/fonts.o
 .debug_rnglists
                0x0000070b       0x37 ./Library/Source/relay.o
 .debug_rnglists
                0x00000742       0x2e ./Src/main.o
 .debug_rnglists
                0x00000770       0x13 ./Src/sysmem.o
 .debug_rnglists
                0x00000783       0x19 ./Startup/startup_stm32f411ceux.o

.debug_macro    0x00000000    0x10b18
 .debug_macro   0x00000000       0xf3 ./CMSIS/Device/Source/system_stm32f4xx.o
 .debug_macro   0x000000f3      0xaea ./CMSIS/Device/Source/system_stm32f4xx.o
 .debug_macro   0x00000bdd       0x2e ./CMSIS/Device/Source/system_stm32f4xx.o
 .debug_macro   0x00000c0b       0x28 ./CMSIS/Device/Source/system_stm32f4xx.o
 .debug_macro   0x00000c33       0x22 ./CMSIS/Device/Source/system_stm32f4xx.o
 .debug_macro   0x00000c55       0x8e ./CMSIS/Device/Source/system_stm32f4xx.o
 .debug_macro   0x00000ce3       0x51 ./CMSIS/Device/Source/system_stm32f4xx.o
 .debug_macro   0x00000d34      0x103 ./CMSIS/Device/Source/system_stm32f4xx.o
 .debug_macro   0x00000e37       0x6a ./CMSIS/Device/Source/system_stm32f4xx.o
 .debug_macro   0x00000ea1      0x1df ./CMSIS/Device/Source/system_stm32f4xx.o
 .debug_macro   0x00001080       0x40 ./CMSIS/Device/Source/system_stm32f4xx.o
 .debug_macro   0x000010c0       0x10 ./CMSIS/Device/Source/system_stm32f4xx.o
 .debug_macro   0x000010d0       0x58 ./CMSIS/Device/Source/system_stm32f4xx.o
 .debug_macro   0x00001128      0x26d ./CMSIS/Device/Source/system_stm32f4xx.o
 .debug_macro   0x00001395       0x28 ./CMSIS/Device/Source/system_stm32f4xx.o
 .debug_macro   0x000013bd     0x11ae ./CMSIS/Device/Source/system_stm32f4xx.o
 .debug_macro   0x0000256b      0x11f ./CMSIS/Device/Source/system_stm32f4xx.o
 .debug_macro   0x0000268a     0xb968 ./CMSIS/Device/Source/system_stm32f4xx.o
 .debug_macro   0x0000dff2       0x6d ./CMSIS/Device/Source/system_stm32f4xx.o
 .debug_macro   0x0000e05f      0x341 ./CMSIS/RTOS2/FreeRTOS/Source/cmsis_os2.o
 .debug_macro   0x0000e3a0       0x5b ./CMSIS/RTOS2/FreeRTOS/Source/cmsis_os2.o
 .debug_macro   0x0000e3fb       0x94 ./CMSIS/RTOS2/FreeRTOS/Source/cmsis_os2.o
 .debug_macro   0x0000e48f       0x57 ./CMSIS/RTOS2/FreeRTOS/Source/cmsis_os2.o
 .debug_macro   0x0000e4e6       0x10 ./CMSIS/RTOS2/FreeRTOS/Source/cmsis_os2.o
 .debug_macro   0x0000e4f6       0x20 ./CMSIS/RTOS2/FreeRTOS/Source/cmsis_os2.o
 .debug_macro   0x0000e516       0x10 ./CMSIS/RTOS2/FreeRTOS/Source/cmsis_os2.o
 .debug_macro   0x0000e526       0xdd ./CMSIS/RTOS2/FreeRTOS/Source/cmsis_os2.o
 .debug_macro   0x0000e603      0x267 ./CMSIS/RTOS2/FreeRTOS/Source/cmsis_os2.o
 .debug_macro   0x0000e86a       0x10 ./CMSIS/RTOS2/FreeRTOS/Source/cmsis_os2.o
 .debug_macro   0x0000e87a       0x98 ./CMSIS/RTOS2/FreeRTOS/Source/cmsis_os2.o
 .debug_macro   0x0000e912       0x23 ./CMSIS/RTOS2/FreeRTOS/Source/cmsis_os2.o
 .debug_macro   0x0000e935       0x94 ./CMSIS/RTOS2/FreeRTOS/Source/cmsis_os2.o
 .debug_macro   0x0000e9c9       0x1c ./CMSIS/RTOS2/FreeRTOS/Source/cmsis_os2.o
 .debug_macro   0x0000e9e5       0x34 ./CMSIS/RTOS2/FreeRTOS/Source/cmsis_os2.o
 .debug_macro   0x0000ea19      0x335 ./CMSIS/RTOS2/FreeRTOS/Source/port.o
 .debug_macro   0x0000ed4e      0x361 ./CMSIS/RTOS2/FreeRTOS/Source/tasks.o
 .debug_macro   0x0000f0af       0x16 ./CMSIS/RTOS2/FreeRTOS/Source/tasks.o
 .debug_macro   0x0000f0c5      0x130 ./Library/Source/ADC.o
 .debug_macro   0x0000f1f5      0x142 ./Library/Source/ADC.o
 .debug_macro   0x0000f337      0x127 ./Library/Source/BH1750.o
 .debug_macro   0x0000f45e       0x22 ./Library/Source/BH1750.o
 .debug_macro   0x0000f480      0x13c ./Library/Source/BH1750.o
 .debug_macro   0x0000f5bc       0x10 ./Library/Source/BH1750.o
 .debug_macro   0x0000f5cc       0x34 ./Library/Source/BH1750.o
 .debug_macro   0x0000f600      0x110 ./Library/Source/DHT11.o
 .debug_macro   0x0000f710       0xf6 ./Library/Source/GPIO.o
 .debug_macro   0x0000f806      0x124 ./Library/Source/I2C.o
 .debug_macro   0x0000f92a      0x256 ./Library/Source/SH1106.o
 .debug_macro   0x0000fb80       0x23 ./Library/Source/SH1106.o
 .debug_macro   0x0000fba3      0x113 ./Library/Source/USART.o
 .debug_macro   0x0000fcb6      0x2bb ./Library/Source/control.o
 .debug_macro   0x0000ff71       0x34 ./Library/Source/control.o
 .debug_macro   0x0000ffa5       0x1c ./Library/Source/control.o
 .debug_macro   0x0000ffc1       0x10 ./Library/Source/control.o
 .debug_macro   0x0000ffd1       0x1c ./Library/Source/control.o
 .debug_macro   0x0000ffed       0x16 ./Library/Source/control.o
 .debug_macro   0x00010003      0x146 ./Library/Source/control.o
 .debug_macro   0x00010149       0x40 ./Library/Source/control.o
 .debug_macro   0x00010189       0xfd ./Library/Source/delay.o
 .debug_macro   0x00010286      0x140 ./Library/Source/fonts.o
 .debug_macro   0x000103c6      0x10c ./Library/Source/relay.o
 .debug_macro   0x000104d2      0x2be ./Src/main.o
 .debug_macro   0x00010790       0x3a ./Src/main.o
 .debug_macro   0x000107ca      0x112 ./Src/sysmem.o
 .debug_macro   0x000108dc      0x23c ./Src/sysmem.o

.debug_line     0x00000000     0xcca1
 .debug_line    0x00000000      0x678 ./CMSIS/Device/Source/system_stm32f4xx.o
 .debug_line    0x00000678     0x2120 ./CMSIS/RTOS2/FreeRTOS/Source/cmsis_os2.o
 .debug_line    0x00002798      0xbb2 ./CMSIS/RTOS2/FreeRTOS/Source/port.o
 .debug_line    0x0000334a     0x2592 ./CMSIS/RTOS2/FreeRTOS/Source/tasks.o
 .debug_line    0x000058dc      0x706 ./Library/Source/ADC.o
 .debug_line    0x00005fe2      0x758 ./Library/Source/BH1750.o
 .debug_line    0x0000673a      0x7f0 ./Library/Source/DHT11.o
 .debug_line    0x00006f2a      0x972 ./Library/Source/GPIO.o
 .debug_line    0x0000789c      0xaed ./Library/Source/I2C.o
 .debug_line    0x00008389      0xe83 ./Library/Source/SH1106.o
 .debug_line    0x0000920c      0xb23 ./Library/Source/USART.o
 .debug_line    0x00009d2f      0xa5b ./Library/Source/control.o
 .debug_line    0x0000a78a      0x7b0 ./Library/Source/delay.o
 .debug_line    0x0000af3a      0x600 ./Library/Source/fonts.o
 .debug_line    0x0000b53a      0x720 ./Library/Source/relay.o
 .debug_line    0x0000bc5a      0xa44 ./Src/main.o
 .debug_line    0x0000c69e      0x588 ./Src/sysmem.o
 .debug_line    0x0000cc26       0x7b ./Startup/startup_stm32f411ceux.o

.debug_str      0x00000000    0x67cac
 .debug_str     0x00000000    0x67cac ./CMSIS/Device/Source/system_stm32f4xx.o
                              0x5129f (size before relaxing)
 .debug_str     0x00067cac    0x634b4 ./CMSIS/RTOS2/FreeRTOS/Source/cmsis_os2.o
 .debug_str     0x00067cac    0x5ff4c ./CMSIS/RTOS2/FreeRTOS/Source/port.o
 .debug_str     0x00067cac    0x61f29 ./CMSIS/RTOS2/FreeRTOS/Source/tasks.o
 .debug_str     0x00067cac    0x5175c ./Library/Source/ADC.o
 .debug_str     0x00067cac    0x5171d ./Library/Source/BH1750.o
 .debug_str     0x00067cac    0x5164b ./Library/Source/DHT11.o
 .debug_str     0x00067cac    0x51b4d ./Library/Source/GPIO.o
 .debug_str     0x00067cac    0x51880 ./Library/Source/I2C.o
 .debug_str     0x00067cac    0x54fcc ./Library/Source/SH1106.o
 .debug_str     0x00067cac    0x51d17 ./Library/Source/USART.o
 .debug_str     0x00067cac    0x555de ./Library/Source/control.o
 .debug_str     0x00067cac    0x51245 ./Library/Source/delay.o
 .debug_str     0x00067cac     0x73c0 ./Library/Source/fonts.o
 .debug_str     0x00067cac    0x515a3 ./Library/Source/relay.o
 .debug_str     0x00067cac    0x55900 ./Src/main.o
 .debug_str     0x00067cac     0x774c ./Src/sysmem.o
 .debug_str     0x00067cac       0x91 ./Startup/startup_stm32f411ceux.o

.comment        0x00000000       0x43
 .comment       0x00000000       0x43 ./CMSIS/Device/Source/system_stm32f4xx.o
                                 0x44 (size before relaxing)
 .comment       0x00000043       0x44 ./CMSIS/RTOS2/FreeRTOS/Source/cmsis_os2.o
 .comment       0x00000043       0x44 ./CMSIS/RTOS2/FreeRTOS/Source/port.o
 .comment       0x00000043       0x44 ./CMSIS/RTOS2/FreeRTOS/Source/tasks.o
 .comment       0x00000043       0x44 ./Library/Source/ADC.o
 .comment       0x00000043       0x44 ./Library/Source/BH1750.o
 .comment       0x00000043       0x44 ./Library/Source/DHT11.o
 .comment       0x00000043       0x44 ./Library/Source/GPIO.o
 .comment       0x00000043       0x44 ./Library/Source/I2C.o
 .comment       0x00000043       0x44 ./Library/Source/SH1106.o
 .comment       0x00000043       0x44 ./Library/Source/USART.o
 .comment       0x00000043       0x44 ./Library/Source/control.o
 .comment       0x00000043       0x44 ./Library/Source/delay.o
 .comment       0x00000043       0x44 ./Library/Source/fonts.o
 .comment       0x00000043       0x44 ./Library/Source/relay.o
 .comment       0x00000043       0x44 ./Src/main.o
 .comment       0x00000043       0x44 ./Src/sysmem.o

.debug_frame    0x00000000     0x2bac
 .debug_frame   0x00000000       0x50 ./CMSIS/Device/Source/system_stm32f4xx.o
 .debug_frame   0x00000050      0xb00 ./CMSIS/RTOS2/FreeRTOS/Source/cmsis_os2.o
 .debug_frame   0x00000b50      0x18c ./CMSIS/RTOS2/FreeRTOS/Source/port.o
 .debug_frame   0x00000cdc      0xa40 ./CMSIS/RTOS2/FreeRTOS/Source/tasks.o
 .debug_frame   0x0000171c       0x58 ./Library/Source/ADC.o
 .debug_frame   0x00001774       0xa0 ./Library/Source/BH1750.o
 .debug_frame   0x00001814       0xe0 ./Library/Source/DHT11.o
 .debug_frame   0x000018f4      0x10c ./Library/Source/GPIO.o
 .debug_frame   0x00001a00      0x248 ./Library/Source/I2C.o
 .debug_frame   0x00001c48      0x334 ./Library/Source/SH1106.o
 .debug_frame   0x00001f7c      0x21c ./Library/Source/USART.o
 .debug_frame   0x00002198       0xd4 ./Library/Source/control.o
 .debug_frame   0x0000226c      0x134 ./Library/Source/delay.o
 .debug_frame   0x000023a0       0x38 ./Library/Source/fonts.o
 .debug_frame   0x000023d8       0xec ./Library/Source/relay.o
 .debug_frame   0x000024c4       0xb4 ./Src/main.o
 .debug_frame   0x00002578       0x34 ./Src/sysmem.o
 .debug_frame   0x000025ac      0x144 C:/ST/STM32CubeIDE_2.1.1/STM32CubeIDE/plugins/com.st.stm32cube.ide.mcu.externaltools.gnu-tools-for-stm32.14.3.rel1.win32_1.0.100.202602081740/tools/bin/../lib/gcc/arm-none-eabi/14.3.1/../../../../arm-none-eabi/lib/thumb/v7e-m+fp/hard\libc_nano.a(libc_a-findfp.o)
 .debug_frame   0x000026f0       0x7c C:/ST/STM32CubeIDE_2.1.1/STM32CubeIDE/plugins/com.st.stm32cube.ide.mcu.externaltools.gnu-tools-for-stm32.14.3.rel1.win32_1.0.100.202602081740/tools/bin/../lib/gcc/arm-none-eabi/14.3.1/../../../../arm-none-eabi/lib/thumb/v7e-m+fp/hard\libc_nano.a(libc_a-snprintf.o)
 .debug_frame   0x0000276c       0x20 C:/ST/STM32CubeIDE_2.1.1/STM32CubeIDE/plugins/com.st.stm32cube.ide.mcu.externaltools.gnu-tools-for-stm32.14.3.rel1.win32_1.0.100.202602081740/tools/bin/../lib/gcc/arm-none-eabi/14.3.1/../../../../arm-none-eabi/lib/thumb/v7e-m+fp/hard\libc_nano.a(libc_a-memset.o)
 .debug_frame   0x0000278c       0x38 C:/ST/STM32CubeIDE_2.1.1/STM32CubeIDE/plugins/com.st.stm32cube.ide.mcu.externaltools.gnu-tools-for-stm32.14.3.rel1.win32_1.0.100.202602081740/tools/bin/../lib/gcc/arm-none-eabi/14.3.1/../../../../arm-none-eabi/lib/thumb/v7e-m+fp/hard\libc_nano.a(libc_a-reent.o)
 .debug_frame   0x000027c4       0x20 C:/ST/STM32CubeIDE_2.1.1/STM32CubeIDE/plugins/com.st.stm32cube.ide.mcu.externaltools.gnu-tools-for-stm32.14.3.rel1.win32_1.0.100.202602081740/tools/bin/../lib/gcc/arm-none-eabi/14.3.1/../../../../arm-none-eabi/lib/thumb/v7e-m+fp/hard\libc_nano.a(libc_a-errno.o)
 .debug_frame   0x000027e4       0x2c C:/ST/STM32CubeIDE_2.1.1/STM32CubeIDE/plugins/com.st.stm32cube.ide.mcu.externaltools.gnu-tools-for-stm32.14.3.rel1.win32_1.0.100.202602081740/tools/bin/../lib/gcc/arm-none-eabi/14.3.1/../../../../arm-none-eabi/lib/thumb/v7e-m+fp/hard\libc_nano.a(libc_a-init.o)
 .debug_frame   0x00002810       0xb0 C:/ST/STM32CubeIDE_2.1.1/STM32CubeIDE/plugins/com.st.stm32cube.ide.mcu.externaltools.gnu-tools-for-stm32.14.3.rel1.win32_1.0.100.202602081740/tools/bin/../lib/gcc/arm-none-eabi/14.3.1/../../../../arm-none-eabi/lib/thumb/v7e-m+fp/hard\libc_nano.a(libc_a-lock.o)
 .debug_frame   0x000028c0       0x20 C:/ST/STM32CubeIDE_2.1.1/STM32CubeIDE/plugins/com.st.stm32cube.ide.mcu.externaltools.gnu-tools-for-stm32.14.3.rel1.win32_1.0.100.202602081740/tools/bin/../lib/gcc/arm-none-eabi/14.3.1/../../../../arm-none-eabi/lib/thumb/v7e-m+fp/hard\libc_nano.a(libc_a-strcmp.o)
 .debug_frame   0x000028e0       0x28 C:/ST/STM32CubeIDE_2.1.1/STM32CubeIDE/plugins/com.st.stm32cube.ide.mcu.externaltools.gnu-tools-for-stm32.14.3.rel1.win32_1.0.100.202602081740/tools/bin/../lib/gcc/arm-none-eabi/14.3.1/../../../../arm-none-eabi/lib/thumb/v7e-m+fp/hard\libc_nano.a(libc_a-memcpy-stub.o)
 .debug_frame   0x00002908       0x38 C:/ST/STM32CubeIDE_2.1.1/STM32CubeIDE/plugins/com.st.stm32cube.ide.mcu.externaltools.gnu-tools-for-stm32.14.3.rel1.win32_1.0.100.202602081740/tools/bin/../lib/gcc/arm-none-eabi/14.3.1/../../../../arm-none-eabi/lib/thumb/v7e-m+fp/hard\libc_nano.a(libc_a-freer.o)
 .debug_frame   0x00002940       0x50 C:/ST/STM32CubeIDE_2.1.1/STM32CubeIDE/plugins/com.st.stm32cube.ide.mcu.externaltools.gnu-tools-for-stm32.14.3.rel1.win32_1.0.100.202602081740/tools/bin/../lib/gcc/arm-none-eabi/14.3.1/../../../../arm-none-eabi/lib/thumb/v7e-m+fp/hard\libc_nano.a(libc_a-mallocr.o)
 .debug_frame   0x00002990       0x30 C:/ST/STM32CubeIDE_2.1.1/STM32CubeIDE/plugins/com.st.stm32cube.ide.mcu.externaltools.gnu-tools-for-stm32.14.3.rel1.win32_1.0.100.202602081740/tools/bin/../lib/gcc/arm-none-eabi/14.3.1/../../../../arm-none-eabi/lib/thumb/v7e-m+fp/hard\libc_nano.a(libc_a-mlock.o)
 .debug_frame   0x000029c0       0x90 C:/ST/STM32CubeIDE_2.1.1/STM32CubeIDE/plugins/com.st.stm32cube.ide.mcu.externaltools.gnu-tools-for-stm32.14.3.rel1.win32_1.0.100.202602081740/tools/bin/../lib/gcc/arm-none-eabi/14.3.1/../../../../arm-none-eabi/lib/thumb/v7e-m+fp/hard\libc_nano.a(libc_a-nano-svfprintf.o)
 .debug_frame   0x00002a50       0x60 C:/ST/STM32CubeIDE_2.1.1/STM32CubeIDE/plugins/com.st.stm32cube.ide.mcu.externaltools.gnu-tools-for-stm32.14.3.rel1.win32_1.0.100.202602081740/tools/bin/../lib/gcc/arm-none-eabi/14.3.1/../../../../arm-none-eabi/lib/thumb/v7e-m+fp/hard\libc_nano.a(libc_a-nano-vfprintf_i.o)
 .debug_frame   0x00002ab0       0x28 C:/ST/STM32CubeIDE_2.1.1/STM32CubeIDE/plugins/com.st.stm32cube.ide.mcu.externaltools.gnu-tools-for-stm32.14.3.rel1.win32_1.0.100.202602081740/tools/bin/../lib/gcc/arm-none-eabi/14.3.1/../../../../arm-none-eabi/lib/thumb/v7e-m+fp/hard\libc_nano.a(libc_a-memmove.o)
 .debug_frame   0x00002ad8       0x2c C:/ST/STM32CubeIDE_2.1.1/STM32CubeIDE/plugins/com.st.stm32cube.ide.mcu.externaltools.gnu-tools-for-stm32.14.3.rel1.win32_1.0.100.202602081740/tools/bin/../lib/gcc/arm-none-eabi/14.3.1/../../../../arm-none-eabi/lib/thumb/v7e-m+fp/hard\libc_nano.a(libc_a-sbrkr.o)
 .debug_frame   0x00002b04       0x4c C:/ST/STM32CubeIDE_2.1.1/STM32CubeIDE/plugins/com.st.stm32cube.ide.mcu.externaltools.gnu-tools-for-stm32.14.3.rel1.win32_1.0.100.202602081740/tools/bin/../lib/gcc/arm-none-eabi/14.3.1/../../../../arm-none-eabi/lib/thumb/v7e-m+fp/hard\libc_nano.a(libc_a-memchr.o)
 .debug_frame   0x00002b50       0x3c C:/ST/STM32CubeIDE_2.1.1/STM32CubeIDE/plugins/com.st.stm32cube.ide.mcu.externaltools.gnu-tools-for-stm32.14.3.rel1.win32_1.0.100.202602081740/tools/bin/../lib/gcc/arm-none-eabi/14.3.1/../../../../arm-none-eabi/lib/thumb/v7e-m+fp/hard\libc_nano.a(libc_a-reallocr.o)
 .debug_frame   0x00002b8c       0x20 C:/ST/STM32CubeIDE_2.1.1/STM32CubeIDE/plugins/com.st.stm32cube.ide.mcu.externaltools.gnu-tools-for-stm32.14.3.rel1.win32_1.0.100.202602081740/tools/bin/../lib/gcc/arm-none-eabi/14.3.1/../../../../arm-none-eabi/lib/thumb/v7e-m+fp/hard\libc_nano.a(libc_a-msizer.o)

.debug_line_str
                0x00000000       0x75
 .debug_line_str
                0x00000000       0x75 ./Startup/startup_stm32f411ceux.o
