../Library/Source/SH1106.c:49:13:SH1106_WriteCommand	16	static
../Library/Source/SH1106.c:67:13:SH1106_WriteDataMulti	16	static
../Library/Source/SH1106.c:79:9:SH1106_Init	16	static
../Library/Source/SH1106.c:130:6:SH1106_UpdateScreen	16	static
../Library/Source/SH1106.c:143:6:SH1106_ToggleInvert	16	static
../Library/Source/SH1106.c:155:6:SH1106_Fill	16	static
../Library/Source/SH1106.c:160:6:SH1106_DrawPixel	16	static
../Library/Source/SH1106.c:182:6:SH1106_GotoXY	16	static
../Library/Source/SH1106.c:188:6:SH1106_Putc	32	static
../Library/Source/SH1106.c:219:6:SH1106_Puts	24	static
../Library/Source/SH1106.c:237:6:SH1106_DrawLine	40	static
../Library/Source/SH1106.c:321:6:SH1106_DrawRectangle	32	static
../Library/Source/SH1106.c:346:6:SH1106_DrawFilledRectangle	40	static
../Library/Source/SH1106.c:373:6:SH1106_DrawTriangle	32	static
../Library/Source/SH1106.c:381:6:SH1106_DrawFilledTriangle	64	static
../Library/Source/SH1106.c:437:6:SH1106_DrawCircle	40	static
../Library/Source/SH1106.c:471:6:SH1106_DrawFilledCircle	48	static
../Library/Source/SH1106.c:504:6:SH1106_Clear	8	static
../Library/Source/SH1106.c:509:6:SH1106_ON	8	static
../Library/Source/SH1106.c:514:6:SH1106_OFF	8	static
../Library/Source/SH1106.c:522:6:SH1106_InvertDisplay	16	static
../Library/Source/SH1106.c:531:6:SH1106_DrawBitmap	32	static
