../CMSIS/RTOS2/FreeRTOS/Source/cmsis_os2.c:156:6:SysTick_Handler	8	static
../CMSIS/RTOS2/FreeRTOS/Source/cmsis_os2.c:172:26:IRQ_Context	32	static,ignoring_inline_asm
../CMSIS/RTOS2/FreeRTOS/Source/cmsis_os2.c:205:12:osKernelInitialize	16	static
../CMSIS/RTOS2/FreeRTOS/Source/cmsis_os2.c:239:12:osKernelGetInfo	24	static
../CMSIS/RTOS2/FreeRTOS/Source/cmsis_os2.c:263:17:osKernelGetState	16	static
../CMSIS/RTOS2/FreeRTOS/Source/cmsis_os2.c:294:12:osKernelStart	16	static
../CMSIS/RTOS2/FreeRTOS/Source/cmsis_os2.c:323:9:osKernelLock	16	static
../CMSIS/RTOS2/FreeRTOS/Source/cmsis_os2.c:356:9:osKernelUnlock	16	static
../CMSIS/RTOS2/FreeRTOS/Source/cmsis_os2.c:388:9:osKernelRestoreLock	16	static
../CMSIS/RTOS2/FreeRTOS/Source/cmsis_os2.c:433:10:osKernelGetTickCount	16	static
../CMSIS/RTOS2/FreeRTOS/Source/cmsis_os2.c:449:10:osKernelGetTickFreq	4	static
../CMSIS/RTOS2/FreeRTOS/Source/cmsis_os2.c:457:10:osKernelGetSysTimerCount	32	static,ignoring_inline_asm
../CMSIS/RTOS2/FreeRTOS/Source/cmsis_os2.c:505:10:osKernelGetSysTimerFreq	4	static
../CMSIS/RTOS2/FreeRTOS/Source/cmsis_os2.c:521:14:osThreadNew	64	static
../CMSIS/RTOS2/FreeRTOS/Source/cmsis_os2.c:643:13:osThreadGetName	24	static
../CMSIS/RTOS2/FreeRTOS/Source/cmsis_os2.c:666:14:osThreadGetId	16	static
../CMSIS/RTOS2/FreeRTOS/Source/cmsis_os2.c:678:17:osThreadGetState	24	static
../CMSIS/RTOS2/FreeRTOS/Source/cmsis_os2.c:704:10:osThreadGetStackSpace	24	static
../CMSIS/RTOS2/FreeRTOS/Source/cmsis_os2.c:721:12:osThreadSetPriority	24	static
../CMSIS/RTOS2/FreeRTOS/Source/cmsis_os2.c:743:14:osThreadGetPriority	24	static
../CMSIS/RTOS2/FreeRTOS/Source/cmsis_os2.c:760:12:osThreadYield	16	static,ignoring_inline_asm
../CMSIS/RTOS2/FreeRTOS/Source/cmsis_os2.c:778:12:osThreadSuspend	24	static
../CMSIS/RTOS2/FreeRTOS/Source/cmsis_os2.c:800:12:osThreadResume	32	static
../CMSIS/RTOS2/FreeRTOS/Source/cmsis_os2.c:838:18:osThreadExit	8	static
../CMSIS/RTOS2/FreeRTOS/Source/cmsis_os2.c:848:12:osThreadTerminate	32	static
../CMSIS/RTOS2/FreeRTOS/Source/cmsis_os2.c:883:10:osThreadGetCount	16	static
../CMSIS/RTOS2/FreeRTOS/Source/cmsis_os2.c:900:10:osThreadEnumerate	32	static
../CMSIS/RTOS2/FreeRTOS/Source/cmsis_os2.c:984:10:osThreadFlagsSet	40	static,ignoring_inline_asm
../CMSIS/RTOS2/FreeRTOS/Source/cmsis_os2.c:1015:10:osThreadFlagsClear	24	static
../CMSIS/RTOS2/FreeRTOS/Source/cmsis_os2.c:1035:10:osThreadFlagsGet	24	static
../CMSIS/RTOS2/FreeRTOS/Source/cmsis_os2.c:1057:10:osThreadFlagsWait	72	static
../CMSIS/RTOS2/FreeRTOS/Source/cmsis_os2.c:1155:12:osDelay	24	static
../CMSIS/RTOS2/FreeRTOS/Source/cmsis_os2.c:1176:12:osDelayUntil	32	static
../CMSIS/RTOS2/FreeRTOS/Source/cmsis_os2.c:1213:13:TimerCallback	24	static
../CMSIS/RTOS2/FreeRTOS/Source/cmsis_os2.c:1230:13:osTimerNew	56	static
../CMSIS/RTOS2/FreeRTOS/Source/cmsis_os2.c:1335:13:osTimerGetName	24	static
../CMSIS/RTOS2/FreeRTOS/Source/cmsis_os2.c:1358:12:osTimerStart	32	static
../CMSIS/RTOS2/FreeRTOS/Source/cmsis_os2.c:1383:12:osTimerStop	32	static
../CMSIS/RTOS2/FreeRTOS/Source/cmsis_os2.c:1413:10:osTimerIsRunning	24	static
../CMSIS/RTOS2/FreeRTOS/Source/cmsis_os2.c:1430:12:osTimerDelete	40	static
../CMSIS/RTOS2/FreeRTOS/Source/cmsis_os2.c:1484:18:osEventFlagsNew	24	static
../CMSIS/RTOS2/FreeRTOS/Source/cmsis_os2.c:1533:10:osEventFlagsSet	32	static,ignoring_inline_asm
../CMSIS/RTOS2/FreeRTOS/Source/cmsis_os2.c:1573:10:osEventFlagsClear	24	static,ignoring_inline_asm
../CMSIS/RTOS2/FreeRTOS/Source/cmsis_os2.c:1612:10:osEventFlagsGet	24	static
../CMSIS/RTOS2/FreeRTOS/Source/cmsis_os2.c:1637:10:osEventFlagsWait	48	static
../CMSIS/RTOS2/FreeRTOS/Source/cmsis_os2.c:1697:12:osEventFlagsDelete	24	static
../CMSIS/RTOS2/FreeRTOS/Source/cmsis_os2.c:1733:13:osMutexNew	32	static
../CMSIS/RTOS2/FreeRTOS/Source/cmsis_os2.c:1822:12:osMutexAcquire	32	static
../CMSIS/RTOS2/FreeRTOS/Source/cmsis_os2.c:1870:12:osMutexRelease	32	static
../CMSIS/RTOS2/FreeRTOS/Source/cmsis_os2.c:1910:14:osMutexGetOwner	24	static
../CMSIS/RTOS2/FreeRTOS/Source/cmsis_os2.c:1929:12:osMutexDelete	24	static
../CMSIS/RTOS2/FreeRTOS/Source/cmsis_os2.c:1966:17:osSemaphoreNew	40	static
../CMSIS/RTOS2/FreeRTOS/Source/cmsis_os2.c:2042:12:osSemaphoreAcquire	32	static,ignoring_inline_asm
../CMSIS/RTOS2/FreeRTOS/Source/cmsis_os2.c:2083:12:osSemaphoreRelease	32	static,ignoring_inline_asm
../CMSIS/RTOS2/FreeRTOS/Source/cmsis_os2.c:2115:10:osSemaphoreGetCount	24	static
../CMSIS/RTOS2/FreeRTOS/Source/cmsis_os2.c:2135:12:osSemaphoreDelete	24	static
../CMSIS/RTOS2/FreeRTOS/Source/cmsis_os2.c:2174:20:osMessageQueueNew	40	static
../CMSIS/RTOS2/FreeRTOS/Source/cmsis_os2.c:2235:12:osMessageQueuePut	40	static,ignoring_inline_asm
../CMSIS/RTOS2/FreeRTOS/Source/cmsis_os2.c:2283:12:osMessageQueueGet	40	static,ignoring_inline_asm
../CMSIS/RTOS2/FreeRTOS/Source/cmsis_os2.c:2328:10:osMessageQueueGetCapacity	24	static
../CMSIS/RTOS2/FreeRTOS/Source/cmsis_os2.c:2345:10:osMessageQueueGetMsgSize	24	static
../CMSIS/RTOS2/FreeRTOS/Source/cmsis_os2.c:2362:10:osMessageQueueGetCount	24	static
../CMSIS/RTOS2/FreeRTOS/Source/cmsis_os2.c:2383:10:osMessageQueueGetSpace	48	static,ignoring_inline_asm
../CMSIS/RTOS2/FreeRTOS/Source/cmsis_os2.c:2409:12:osMessageQueueReset	24	static
../CMSIS/RTOS2/FreeRTOS/Source/cmsis_os2.c:2431:12:osMessageQueueDelete	24	static
../CMSIS/RTOS2/FreeRTOS/Source/cmsis_os2.c:2472:18:osMemoryPoolNew	48	static
../CMSIS/RTOS2/FreeRTOS/Source/cmsis_os2.c:2598:13:osMemoryPoolGetName	24	static
../CMSIS/RTOS2/FreeRTOS/Source/cmsis_os2.c:2619:7:osMemoryPoolAlloc	40	static,ignoring_inline_asm
../CMSIS/RTOS2/FreeRTOS/Source/cmsis_os2.c:2680:12:osMemoryPoolFree	48	static,ignoring_inline_asm
../CMSIS/RTOS2/FreeRTOS/Source/cmsis_os2.c:2746:10:osMemoryPoolGetCapacity	24	static
../CMSIS/RTOS2/FreeRTOS/Source/cmsis_os2.c:2773:10:osMemoryPoolGetBlockSize	24	static
../CMSIS/RTOS2/FreeRTOS/Source/cmsis_os2.c:2800:10:osMemoryPoolGetCount	24	static
../CMSIS/RTOS2/FreeRTOS/Source/cmsis_os2.c:2833:10:osMemoryPoolGetSpace	24	static
../CMSIS/RTOS2/FreeRTOS/Source/cmsis_os2.c:2864:12:osMemoryPoolDelete	24	static
../CMSIS/RTOS2/FreeRTOS/Source/cmsis_os2.c:2911:14:CreateBlock	24	static
../CMSIS/RTOS2/FreeRTOS/Source/cmsis_os2.c:2928:14:AllocBlock	24	static
../CMSIS/RTOS2/FreeRTOS/Source/cmsis_os2.c:2945:13:FreeBlock	24	static
../CMSIS/RTOS2/FreeRTOS/Source/cmsis_os2.c:2997:13:vApplicationStackOverflowHook	24	static,ignoring_inline_asm
